
> framework@1.0.0 dev
> vite

Port 3000 is in use, trying another one...
Port 3001 is in use, trying another one...

  [32m[1mVITE[22m v8.0.14[39m  [2mready in [0m[1m326[22m[2m[0m ms[22m

  [32m➜[39m  [1mLocal[22m:   [36mhttp://localhost:[1m3002[22m/[39m
[2m  [32m➜[39m  [1mNetwork[22m[2m: use [22m[1m--host[22m[2m to expose[22m
[2m07:56:55[22m [31m[1m[vite][22m[39m [31m[2m(client)[22m[39m [31m[Unhandled error] [1mTypeError[22m: FB.panels.renderSection is not a function
[39m > FB.panels.renderRightPanel js/panels.js:820:15
    818 |    var html =
    819 |      quickBar +
    820 |      FB.panels.renderSection(
        |                 ^
    821 |        "Content",
    822 |        contentHtml ||
 > FB.canvas.selectBlock js/canvas.js:4135:13
 > FB.canvas.insertBlock js/canvas.js:4208:13
 > HTMLDivElement.<anonymous> js/panels.js:236:19

[2m07:56:58[22m [31m[1m[vite][22m[39m [31m[2m(client)[22m[39m [31m[Unhandled error] [1mTypeError[22m: FB.panels.renderSection is not a function
[39m > FB.panels.renderRightPanel js/panels.js:820:15
    818 |    var html =
    819 |      quickBar +
    820 |      FB.panels.renderSection(
        |                 ^
    821 |        "Content",
    822 |        contentHtml ||
 > FB.canvas.selectBlock js/canvas.js:4135:13
 > HTMLDivElement.<anonymous> js/canvas.js:3774:15

[2m07:57:02[22m [31m[1m[vite][22m[39m [31m[2m(client)[22m[39m [31m[Unhandled error] [1mTypeError[22m: FB.panels.renderSection is not a function
[39m > FB.panels.renderRightPanel js/panels.js:820:15
    818 |    var html =
    819 |      quickBar +
    820 |      FB.panels.renderSection(
        |                 ^
    821 |        "Content",
    822 |        contentHtml ||
 > FB.canvas.selectBlock js/canvas.js:4135:13
 > HTMLDivElement.<anonymous> js/canvas.js:3774:15

[2m07:59:32[22m [36m[1m[vite][22m[39m [90m[2m(client)[22m[39m [32mpage reload [39m[2mjs/panels.js[22m
[2m09:19:20[22m [36m[1m[vite][22m[39m [90m[2m(client)[22m[39m [32mpage reload [39m[2mjs/blocks.js[22m
[2m09:19:34[22m [36m[1m[vite][22m[39m [90m[2m(client)[22m[39m [32mpage reload [39m[2mjs/panels.js[22m
[2m09:20:03[22m [36m[1m[vite][22m[39m [90m[2m(client)[22m[39m [32mpage reload [39m[2mjs/panels.js[22m
[2m09:20:20[22m [36m[1m[vite][22m[39m [90m[2m(client)[22m[39m [32mhmr update [39m[2m/css/layout.css?direct&v=3[22m
[2m09:20:36[22m [36m[1m[vite][22m[39m [90m[2m(client)[22m[39m [32mpage reload [39m[2mjs/panels.js[22m
[2m09:20:40[22m [36m[1m[vite][22m[39m [90m[2m(client)[22m[39m [32mpage reload [39m[2mjs/panels.js[22m
[2m09:21:00[22m [36m[1m[vite][22m[39m [90m[2m(client)[22m[39m [32mpage reload [39m[2mjs/canvas.js[22m
[2m09:22:26[22m [36m[1m[vite][22m[39m [90m[2m(client)[22m[39m [32mpage reload [39m[2mjs/panels.js[22m
[2m09:22:28[22m [36m[1m[vite][22m[39m [90m[2m(client)[22m[39m [32mpage reload [39m[2mjs/panels.js[22m
[2m09:36:13[22m [36m[1m[vite][22m[39m [90m[2m(client)[22m[39m [32mpage reload [39m[2mindex.html[22m
[2m09:41:42[22m [36m[1m[vite][22m[39m [90m[2m(client)[22m[39m [32mpage reload [39m[2mjs/panels.js[22m
[2m09:41:59[22m [36m[1m[vite][22m[39m [90m[2m(client)[22m[39m [32mpage reload [39m[2mjs/panels.js[22m
[2m09:42:01[22m [36m[1m[vite][22m[39m [90m[2m(client)[22m[39m [32mpage reload [39m[2mjs/panels.js[22m
[2m09:44:14[22m [36m[1m[vite][22m[39m [90m[2m(client)[22m[39m [32mhmr update [39m[2m/css/layout.css?direct&v=3[22m
[2m09:44:31[22m [36m[1m[vite][22m[39m [90m[2m(client)[22m[39m [32mpage reload [39m[2mjs/panels.js[22m
[2m09:44:36[22m [36m[1m[vite][22m[39m [90m[2m(client)[22m[39m [32mpage reload [39m[2mjs/panels.js[22m
[2m09:44:37[22m [36m[1m[vite][22m[39m [90m[2m(client)[22m[39m [32mpage reload [39m[2mjs/panels.js[22m
[2m09:44:46[22m [36m[1m[vite][22m[39m [90m[2m(client)[22m[39m [32mpage reload [39m[2mjs/panels.js[22m
[2m10:14:24[22m [36m[1m[vite][22m[39m [90m[2m(client)[22m[39m [32mpage reload [39m[2mindex.html[22m
[2m10:14:24[22m [36m[1m[vite][22m[39m [90m[2m(client)[22m[39m [32mpage reload [39m[2madmin.html[22m
[2m10:16:03[22m [36m[1m[vite][22m[39m [90m[2m(client)[22m[39m [32mpage reload [39m[2mjs/state.js[22m
[2m10:16:20[22m [36m[1m[vite][22m[39m [90m[2m(client)[22m[39m [32mhmr update [39m[2m/css/layout.css?direct&v=3[22m
[2m10:16:21[22m [36m[1m[vite][22m[39m [90m[2m(client)[22m[39m [32mhmr update [39m[2m/css/help.css?direct[22m
[2m10:16:22[22m [36m[1m[vite][22m[39m [90m[2m(client)[22m[39m [32mpage reload [39m[2m.superpowers/brainstorm/20619-1779436702/content/waiting-1.html[22m
[2m10:16:22[22m [36m[1m[vite][22m[39m [90m[2m(client)[22m[39m [32mpage reload [39m[2m.superpowers/brainstorm/20619-1779436702/content/waiting-2.html[22m
[2m10:19:56[22m [36m[1m[vite][22m[39m [90m[2m(client)[22m[39m [32mpage reload [39m[2mjs/state.js[22m
[2m10:20:10[22m [36m[1m[vite][22m[39m [90m[2m(client)[22m[39m [32mpage reload [39m[2mjs/panels.js[22m
[2m10:21:35[22m [36m[1m[vite][22m[39m [90m[2m(client)[22m[39m [32mpage reload [39m[2mjs/panels.js[22m
[2m10:23:04[22m [36m[1m[vite][22m[39m [90m[2m(client)[22m[39m [32mpage reload [39m[2mjs/panels.js[22m
[2m10:31:51[22m [36m[1m[vite][22m[39m [90m[2m(client)[22m[39m [32mpage reload [39m[2mjs/panels.js[22m
[2m10:35:28[22m [36m[1m[vite][22m[39m [90m[2m(client)[22m[39m [32mpage reload [39m[2mjs/panels.js[22m
[2m12:10:18[22m [36m[1m[vite][22m[39m [90m[2m(client)[22m[39m [32mpage reload [39m[2madmin.html[22m
[2m12:10:22[22m [36m[1m[vite][22m[39m [90m[2m(client)[22m[39m [32mhmr update [39m[2m/css/reset.css?direct[22m
[2m12:10:22[22m [36m[1m[vite][22m[39m [90m[2m(client)[22m[39m [32mpage reload [39m[2m.superpowers/brainstorm/20619-1779436702/content/waiting-2.html[22m
[2m12:10:22[22m [36m[1m[vite][22m[39m [90m[2m(client)[22m[39m [32mpage reload [39m[2m.superpowers/brainstorm/20619-1779436702/content/waiting-1.html[22m
[2m12:10:22[22m [36m[1m[vite][22m[39m [90m[2m(client)[22m[39m [32mhmr update [39m[2m/css/reset.css?direct[22m
[2m12:10:22[22m [36m[1m[vite][22m[39m [90m[2m(client)[22m[39m [32mpage reload [39m[2m.superpowers/brainstorm/20619-1779436702/content/design-help-centre-v3.html[22m
[2m12:10:22[22m [36m[1m[vite][22m[39m [90m[2m(client)[22m[39m [32mpage reload [39m[2m.superpowers/brainstorm/20619-1779436702/content/design-tour-step.html[22m
[2m12:10:22[22m [36m[1m[vite][22m[39m [90m[2m(client)[22m[39m [32mpage reload [39m[2m.superpowers/brainstorm/20619-1779436702/content/help-format.html[22m
[2m12:14:17[22m [36m[1m[vite][22m[39m [90m[2m(client)[22m[39m [32mpage reload [39m[2mjs/panels.js[22m
[2m12:14:17[22m [36m[1m[vite][22m[39m [90m[2m(client)[22m[39m [32mpage reload [39m[2mjs/theme.js[22m
[2m12:15:22[22m [36m[1m[vite][22m[39m [90m[2m(client)[22m[39m [32mpage reload [39m[2mjs/panels.js[22m
[2m12:15:22[22m [36m[1m[vite][22m[39m [90m[2m(client)[22m[39m [32mpage reload [39m[2madmin.html[22m
[2m12:15:28[22m [36m[1m[vite][22m[39m [90m[2m(client)[22m[39m [32mpage reload [39m[2madmin.html[22m
[2m12:18:56[22m [36m[1m[vite][22m[39m [90m[2m(client)[22m[39m [32mpage reload [39m[2madmin.html[22m
[2m12:29:35[22m [36m[1m[vite][22m[39m [90m[2m(client)[22m[39m [32mpage reload [39m[2mjs/panels.js[22m
[2m12:33:34[22m [36m[1m[vite][22m[39m [90m[2m(client)[22m[39m [32mpage reload [39m[2mjs/panels.js[22m
[2m12:33:37[22m [36m[1m[vite][22m[39m [90m[2m(client)[22m[39m [32mpage reload [39m[2mjs/panels.js[22m
[2m12:33:52[22m [36m[1m[vite][22m[39m [90m[2m(client)[22m[39m [32mpage reload [39m[2mjs/panels.js[22m
[2m12:34:13[22m [36m[1m[vite][22m[39m [90m[2m(client)[22m[39m [32mpage reload [39m[2mjs/panels.js[22m
[2m12:34:21[22m [36m[1m[vite][22m[39m [90m[2m(client)[22m[39m [32mpage reload [39m[2mjs/panels.js[22m
[2m12:34:26[22m [36m[1m[vite][22m[39m [90m[2m(client)[22m[39m [32mpage reload [39m[2mjs/panels.js[22m
[2m12:34:32[22m [36m[1m[vite][22m[39m [90m[2m(client)[22m[39m [32mpage reload [39m[2mjs/panels.js[22m
[2m12:34:38[22m [36m[1m[vite][22m[39m [90m[2m(client)[22m[39m [32mpage reload [39m[2mjs/panels.js[22m
[2m12:34:44[22m [36m[1m[vite][22m[39m [90m[2m(client)[22m[39m [32mpage reload [39m[2mjs/panels.js[22m
[2m12:34:59[22m [36m[1m[vite][22m[39m [90m[2m(client)[22m[39m [32mpage reload [39m[2mjs/panels.js[22m
[2m12:40:14[22m [36m[1m[vite][22m[39m [90m[2m(client)[22m[39m [32mpage reload [39m[2mjs/panels.js[22m
[2m12:40:22[22m [36m[1m[vite][22m[39m [90m[2m(client)[22m[39m [32mpage reload [39m[2mjs/panels.js[22m
[2m12:40:28[22m [36m[1m[vite][22m[39m [90m[2m(client)[22m[39m [32mpage reload [39m[2mjs/panels.js[22m
[2m12:40:36[22m [36m[1m[vite][22m[39m [90m[2m(client)[22m[39m [32mpage reload [39m[2mjs/panels.js[22m
[2m12:41:04[22m [36m[1m[vite][22m[39m [90m[2m(client)[22m[39m [32mpage reload [39m[2mjs/panels.js[22m
[2m12:41:26[22m [36m[1m[vite][22m[39m [90m[2m(client)[22m[39m [32mpage reload [39m[2mjs/panels.js[22m
[2m12:41:31[22m [36m[1m[vite][22m[39m [90m[2m(client)[22m[39m [32mpage reload [39m[2mjs/panels.js[22m
[2m12:41:55[22m [36m[1m[vite][22m[39m [90m[2m(client)[22m[39m [32mpage reload [39m[2mjs/panels.js[22m
[2m12:42:01[22m [36m[1m[vite][22m[39m [90m[2m(client)[22m[39m [32mpage reload [39m[2mjs/panels.js[22m
[2m12:42:16[22m [36m[1m[vite][22m[39m [90m[2m(client)[22m[39m [32mpage reload [39m[2mjs/panels.js[22m
[2m12:43:56[22m [36m[1m[vite][22m[39m [90m[2m(client)[22m[39m [32mpage reload [39m[2madmin.html[22m
[2m12:46:01[22m [36m[1m[vite][22m[39m [90m[2m(client)[22m[39m [32mpage reload [39m[2mjs/panels.js[22m
[2m12:46:05[22m [36m[1m[vite][22m[39m [90m[2m(client)[22m[39m [32mpage reload [39m[2mjs/panels.js[22m
[2m12:46:10[22m [36m[1m[vite][22m[39m [90m[2m(client)[22m[39m [32mpage reload [39m[2mjs/panels.js[22m
[2m12:46:15[22m [36m[1m[vite][22m[39m [90m[2m(client)[22m[39m [32mpage reload [39m[2mjs/panels.js[22m
[2m12:46:28[22m [36m[1m[vite][22m[39m [90m[2m(client)[22m[39m [32mpage reload [39m[2mjs/panels.js[22m
[2m12:46:56[22m [36m[1m[vite][22m[39m [90m[2m(client)[22m[39m [32mpage reload [39m[2mjs/panels.js[22m
[2m12:47:11[22m [36m[1m[vite][22m[39m [90m[2m(client)[22m[39m [32mpage reload [39m[2mjs/panels.js[22m
[2m12:47:15[22m [36m[1m[vite][22m[39m [90m[2m(client)[22m[39m [32mpage reload [39m[2mjs/panels.js[22m
[2m12:47:19[22m [36m[1m[vite][22m[39m [90m[2m(client)[22m[39m [32mpage reload [39m[2mjs/panels.js[22m
[2m12:47:33[22m [36m[1m[vite][22m[39m [90m[2m(client)[22m[39m [32mpage reload [39m[2mjs/panels.js[22m
[2m12:47:36[22m [36m[1m[vite][22m[39m [90m[2m(client)[22m[39m [32mpage reload [39m[2mjs/panels.js[22m
[2m12:49:00[22m [36m[1m[vite][22m[39m [90m[2m(client)[22m[39m [32mpage reload [39m[2mjs/theme.js[22m
[2m12:49:04[22m [36m[1m[vite][22m[39m [90m[2m(client)[22m[39m [32mpage reload [39m[2mjs/theme.js[22m
[2m12:49:11[22m [36m[1m[vite][22m[39m [90m[2m(client)[22m[39m [32mpage reload [39m[2mjs/theme.js[22m
[2m12:50:13[22m [36m[1m[vite][22m[39m [90m[2m(client)[22m[39m [32mpage reload [39m[2mjs/theme.js[22m
[2m12:50:39[22m [36m[1m[vite][22m[39m [90m[2m(client)[22m[39m [32mpage reload [39m[2mjs/panels.js[22m
[2m12:51:13[22m [36m[1m[vite][22m[39m [90m[2m(client)[22m[39m [32mpage reload [39m[2mjs/pages.js[22m
[2m12:54:00[22m [36m[1m[vite][22m[39m [90m[2m(client)[22m[39m [32mpage reload [39m[2mframework-builder.html[22m
[2m12:54:03[22m [36m[1m[vite][22m[39m [90m[2m(client)[22m[39m [32mpage reload [39m[2mframework-builder.html[22m
[2m12:55:15[22m [36m[1m[vite][22m[39m [90m[2m(client)[22m[39m [32mhmr update [39m[2m/css/reset.css?direct[22m
[2m12:55:25[22m [36m[1m[vite][22m[39m [90m[2m(client)[22m[39m [32mpage reload [39m[2mframework-builder.html[22m
[2m12:56:29[22m [36m[1m[vite][22m[39m [90m[2m(client)[22m[39m [32mhmr update [39m[2m/css/reset.css?direct[22m
[2m12:56:40[22m [36m[1m[vite][22m[39m [90m[2m(client)[22m[39m [32mpage reload [39m[2mjs/canvas.js[22m
[2m12:56:50[22m [36m[1m[vite][22m[39m [90m[2m(client)[22m[39m [32mpage reload [39m[2mjs/design.js[22m
[2m12:56:54[22m [36m[1m[vite][22m[39m [90m[2m(client)[22m[39m [32mpage reload [39m[2mwidgets/design-templates.js[22m
[2m13:43:39[22m [36m[1m[vite][22m[39m [90m[2m(client)[22m[39m [32mpage reload [39m[2mjs/canvas.js[22m
[2m13:43:50[22m [36m[1m[vite][22m[39m [90m[2m(client)[22m[39m [32mpage reload [39m[2mjs/panels.js[22m
[2m13:47:10[22m [36m[1m[vite][22m[39m [90m[2m(client)[22m[39m [32mhmr update [39m[2m/css/design.css?direct&v=2[22m
[2m13:47:19[22m [36m[1m[vite][22m[39m [90m[2m(client)[22m[39m [32mhmr update [39m[2m/css/help.css?direct[22m
[2m13:47:24[22m [36m[1m[vite][22m[39m [90m[2m(client)[22m[39m [32mhmr update [39m[2m/css/widgets.css?direct&v=3[22m
[2m13:47:33[22m [36m[1m[vite][22m[39m [90m[2m(client)[22m[39m [32mpage reload [39m[2mjs/panels.js[22m
[2m13:47:52[22m [36m[1m[vite][22m[39m [90m[2m(client)[22m[39m [32mhmr update [39m[2m/css/blocks.css?direct&v=99[22m
[2m13:47:58[22m [36m[1m[vite][22m[39m [90m[2m(client)[22m[39m [32mhmr update [39m[2m/css/blocks.css?direct&v=99[22m
[2m13:48:06[22m [36m[1m[vite][22m[39m [90m[2m(client)[22m[39m [32mhmr update [39m[2m/css/widgets.css?direct&v=3[22m
[2m13:48:14[22m [36m[1m[vite][22m[39m [90m[2m(client)[22m[39m [32mhmr update [39m[2m/css/design.css?direct&v=2[22m
[2m13:48:16[22m [36m[1m[vite][22m[39m [90m[2m(client)[22m[39m [32mhmr update [39m[2m/css/design.css?direct&v=2[22m
[2m13:48:19[22m [36m[1m[vite][22m[39m [90m[2m(client)[22m[39m [32mhmr update [39m[2m/css/design.css?direct&v=2[22m
[2m13:48:41[22m [36m[1m[vite][22m[39m [90m[2m(client)[22m[39m [32mhmr update [39m[2m/css/help.css?direct[22m
[2m13:48:48[22m [36m[1m[vite][22m[39m [90m[2m(client)[22m[39m [32mhmr update [39m[2m/css/help.css?direct[22m
[2m13:48:50[22m [36m[1m[vite][22m[39m [90m[2m(client)[22m[39m [32mhmr update [39m[2m/css/help.css?direct[22m
[2m13:48:54[22m [36m[1m[vite][22m[39m [90m[2m(client)[22m[39m [32mhmr update [39m[2m/css/help.css?direct[22m
[2m15:45:56[22m [36m[1m[vite][22m[39m [90m[2m(client)[22m[39m [32mpage reload [39m[2mjs/panels.js[22m
[2m15:46:03[22m [36m[1m[vite][22m[39m [90m[2m(client)[22m[39m [32mpage reload [39m[2mjs/panels.js[22m
[2m15:46:07[22m [36m[1m[vite][22m[39m [90m[2m(client)[22m[39m [32mpage reload [39m[2mjs/panels.js[22m
[2m15:46:10[22m [36m[1m[vite][22m[39m [90m[2m(client)[22m[39m [32mpage reload [39m[2mjs/panels.js[22m
[2m15:46:13[22m [36m[1m[vite][22m[39m [90m[2m(client)[22m[39m [32mpage reload [39m[2mjs/panels.js[22m
[2m15:46:25[22m [36m[1m[vite][22m[39m [90m[2m(client)[22m[39m [32mpage reload [39m[2mjs/panels.js[22m
[2m15:46:28[22m [36m[1m[vite][22m[39m [90m[2m(client)[22m[39m [32mpage reload [39m[2mjs/panels.js[22m
[2m15:46:30[22m [36m[1m[vite][22m[39m [90m[2m(client)[22m[39m [32mpage reload [39m[2mjs/panels.js[22m
[2m15:46:33[22m [36m[1m[vite][22m[39m [90m[2m(client)[22m[39m [32mpage reload [39m[2mjs/panels.js[22m
[2m15:46:38[22m [36m[1m[vite][22m[39m [90m[2m(client)[22m[39m [32mpage reload [39m[2mjs/panels.js[22m
[2m15:46:52[22m [36m[1m[vite][22m[39m [90m[2m(client)[22m[39m [32mpage reload [39m[2mframework-builder.html[22m
[2m15:46:55[22m [36m[1m[vite][22m[39m [90m[2m(client)[22m[39m [32mpage reload [39m[2mframework-builder.html[22m
[2m15:46:57[22m [36m[1m[vite][22m[39m [90m[2m(client)[22m[39m [32mpage reload [39m[2mframework-builder.html[22m
[2m15:47:03[22m [36m[1m[vite][22m[39m [90m[2m(client)[22m[39m [32mpage reload [39m[2mframework-builder.html[22m
[2m15:47:16[22m [36m[1m[vite][22m[39m [90m[2m(client)[22m[39m [32mpage reload [39m[2mjs/theme.js[22m
[2m15:47:21[22m [36m[1m[vite][22m[39m [90m[2m(client)[22m[39m [32mpage reload [39m[2mjs/theme.js[22m
[2m15:47:25[22m [36m[1m[vite][22m[39m [90m[2m(client)[22m[39m [32mpage reload [39m[2mjs/theme.js[22m
[2m15:47:31[22m [36m[1m[vite][22m[39m [90m[2m(client)[22m[39m [32mpage reload [39m[2mjs/theme.js[22m
[2m17:06:33[22m [36m[1m[vite][22m[39m [90m[2m(client)[22m[39m [32mpage reload [39m[2mjs/panels.js[22m
[2m17:06:43[22m [36m[1m[vite][22m[39m [90m[2m(client)[22m[39m [32mpage reload [39m[2mjs/panels.js[22m
[2m17:06:46[22m [36m[1m[vite][22m[39m [90m[2m(client)[22m[39m [32mpage reload [39m[2mjs/panels.js[22m
[2m17:06:52[22m [36m[1m[vite][22m[39m [90m[2m(client)[22m[39m [32mpage reload [39m[2mjs/panels.js[22m
[2m17:06:55[22m [36m[1m[vite][22m[39m [90m[2m(client)[22m[39m [32mpage reload [39m[2mjs/panels.js[22m
[2m17:06:58[22m [36m[1m[vite][22m[39m [90m[2m(client)[22m[39m [32mpage reload [39m[2mjs/panels.js[22m
[2m17:07:00[22m [36m[1m[vite][22m[39m [90m[2m(client)[22m[39m [32mpage reload [39m[2mjs/panels.js[22m
[2m17:07:28[22m [36m[1m[vite][22m[39m [90m[2m(client)[22m[39m [32mpage reload [39m[2mjs/panels.js[22m
[2m17:07:28[22m [36m[1m[vite][22m[39m [90m[2m(client)[22m[39m [32mpage reload [39m[2mjs/panels.js[22m
[2m17:07:29[22m [36m[1m[vite][22m[39m [90m[2m(client)[22m[39m [32mpage reload [39m[2mjs/panels.js[22m
[2m17:07:29[22m [36m[1m[vite][22m[39m [90m[2m(client)[22m[39m [32mpage reload [39m[2mjs/panels.js[22m
[2m17:07:29[22m [36m[1m[vite][22m[39m [90m[2m(client)[22m[39m [32mpage reload [39m[2mjs/panels.js[22m
[2m17:07:29[22m [36m[1m[vite][22m[39m [90m[2m(client)[22m[39m [32mpage reload [39m[2mjs/panels.js[22m
[2m17:07:29[22m [36m[1m[vite][22m[39m [90m[2m(client)[22m[39m [32mpage reload [39m[2mjs/panels.js[22m
[2m17:07:29[22m [36m[1m[vite][22m[39m [90m[2m(client)[22m[39m [32mpage reload [39m[2mjs/panels.js[22m
[2m17:07:29[22m [36m[1m[vite][22m[39m [90m[2m(client)[22m[39m [32mpage reload [39m[2mjs/panels.js[22m
[2m17:07:29[22m [36m[1m[vite][22m[39m [90m[2m(client)[22m[39m [32mpage reload [39m[2mjs/panels.js[22m
[2m17:07:29[22m [36m[1m[vite][22m[39m [90m[2m(client)[22m[39m [32mpage reload [39m[2mjs/panels.js[22m
[2m17:07:30[22m [36m[1m[vite][22m[39m [90m[2m(client)[22m[39m [32mpage reload [39m[2mjs/panels.js[22m
[2m17:07:30[22m [36m[1m[vite][22m[39m [90m[2m(client)[22m[39m [32mpage reload [39m[2mjs/panels.js[22m
[2m17:07:30[22m [36m[1m[vite][22m[39m [90m[2m(client)[22m[39m [32mpage reload [39m[2mjs/panels.js[22m
[2m17:07:30[22m [36m[1m[vite][22m[39m [90m[2m(client)[22m[39m [32mpage reload [39m[2mjs/panels.js[22m
[2m17:07:30[22m [36m[1m[vite][22m[39m [90m[2m(client)[22m[39m [32mpage reload [39m[2mjs/panels.js[22m
[2m17:07:30[22m [36m[1m[vite][22m[39m [90m[2m(client)[22m[39m [32mpage reload [39m[2mjs/panels.js[22m
[2m17:07:30[22m [36m[1m[vite][22m[39m [90m[2m(client)[22m[39m [32mpage reload [39m[2mjs/panels.js[22m
[2m17:07:30[22m [36m[1m[vite][22m[39m [90m[2m(client)[22m[39m [32mpage reload [39m[2mjs/panels.js[22m
[2m17:07:31[22m [36m[1m[vite][22m[39m [90m[2m(client)[22m[39m [32mpage reload [39m[2mjs/panels.js[22m
[2m17:07:31[22m [36m[1m[vite][22m[39m [90m[2m(client)[22m[39m [32mpage reload [39m[2mjs/panels.js[22m
[2m17:07:31[22m [36m[1m[vite][22m[39m [90m[2m(client)[22m[39m [32mpage reload [39m[2mjs/panels.js[22m
[2m17:07:31[22m [36m[1m[vite][22m[39m [90m[2m(client)[22m[39m [32mpage reload [39m[2mjs/panels.js[22m
[2m17:07:31[22m [36m[1m[vite][22m[39m [90m[2m(client)[22m[39m [32mpage reload [39m[2mjs/panels.js[22m
[2m17:07:31[22m [36m[1m[vite][22m[39m [90m[2m(client)[22m[39m [32mpage reload [39m[2mjs/panels.js[22m
[2m17:07:47[22m [36m[1m[vite][22m[39m [90m[2m(client)[22m[39m [32mpage reload [39m[2mjs/panels.js[22m
[2m17:09:29[22m [36m[1m[vite][22m[39m [90m[2m(client)[22m[39m [32mpage reload [39m[2mjs/panels.js[22m
[2m17:09:32[22m [36m[1m[vite][22m[39m [90m[2m(client)[22m[39m [32mpage reload [39m[2mjs/panels.js[22m
[2m17:10:08[22m [36m[1m[vite][22m[39m [90m[2m(client)[22m[39m [32mpage reload [39m[2mjs/panels.js[22m
[2m17:11:10[22m [36m[1m[vite][22m[39m [90m[2m(client)[22m[39m [32mpage reload [39m[2mjs/panels.js[22m
[2m17:11:23[22m [36m[1m[vite][22m[39m [90m[2m(client)[22m[39m [32mpage reload [39m[2mjs/blocks.js[22m
[2m17:11:45[22m [36m[1m[vite][22m[39m [90m[2m(client)[22m[39m [32mpage reload [39m[2mjs/canvas.js[22m
[2m17:17:23[22m [36m[1m[vite][22m[39m [90m[2m(client)[22m[39m [32mpage reload [39m[2mjs/panels.js[22m
[2m19:47:40[22m [36m[1m[vite][22m[39m [90m[2m(client)[22m[39m [32mpage reload [39m[2mjs/panels.js[22m
[2m20:19:11[22m [36m[1m[vite][22m[39m [90m[2m(client)[22m[39m [32mpage reload [39m[2mjs/panels.js[22m
[2m20:29:33[22m [36m[1m[vite][22m[39m [90m[2m(client)[22m[39m [32mpage reload [39m[2mwidgets/basic.js[22m
[2m20:29:49[22m [36m[1m[vite][22m[39m [90m[2m(client)[22m[39m [32mpage reload [39m[2mwidgets/basic.js[22m
[2m20:29:54[22m [36m[1m[vite][22m[39m [90m[2m(client)[22m[39m [32mpage reload [39m[2mwidgets/basic.js[22m
[2m20:29:54[22m [36m[1m[vite][22m[39m [90m[2m(client)[22m[39m [32mpage reload [39m[2mwidgets/basic.js[22m
[2m20:30:01[22m [36m[1m[vite][22m[39m [90m[2m(client)[22m[39m [32mpage reload [39m[2mwidgets/basic.js[22m
[2m20:30:01[22m [36m[1m[vite][22m[39m [90m[2m(client)[22m[39m [32mpage reload [39m[2mwidgets/basic.js[22m
[2m20:30:17[22m [36m[1m[vite][22m[39m [90m[2m(client)[22m[39m [32mpage reload [39m[2mwidgets/basic.js[22m
[2m20:30:17[22m [36m[1m[vite][22m[39m [90m[2m(client)[22m[39m [32mpage reload [39m[2mwidgets/basic.js[22m
[2m20:30:22[22m [36m[1m[vite][22m[39m [90m[2m(client)[22m[39m [32mpage reload [39m[2mwidgets/basic.js[22m
[2m20:30:22[22m [36m[1m[vite][22m[39m [90m[2m(client)[22m[39m [32mpage reload [39m[2mwidgets/content.js[22m
[2m20:30:23[22m [36m[1m[vite][22m[39m [90m[2m(client)[22m[39m [32mpage reload [39m[2mwidgets/embed.js[22m
[2m20:30:23[22m [36m[1m[vite][22m[39m [90m[2m(client)[22m[39m [32mpage reload [39m[2mwidgets/gallery-like.js[22m
[2m20:30:23[22m [36m[1m[vite][22m[39m [90m[2m(client)[22m[39m [32mpage reload [39m[2mwidgets/interactive.js[22m
[2m20:30:24[22m [36m[1m[vite][22m[39m [90m[2m(client)[22m[39m [32mpage reload [39m[2mwidgets/layout.js[22m
[2m20:30:24[22m [36m[1m[vite][22m[39m [90m[2m(client)[22m[39m [32mpage reload [39m[2mwidgets/media.js[22m
[2m20:30:25[22m [36m[1m[vite][22m[39m [90m[2m(client)[22m[39m [32mpage reload [39m[2mwidgets/veltro/batch-ambient.js[22m
[2m20:30:25[22m [36m[1m[vite][22m[39m [90m[2m(client)[22m[39m [32mpage reload [39m[2mwidgets/veltro/batch-cursor.js[22m
[2m20:30:25[22m [36m[1m[vite][22m[39m [90m[2m(client)[22m[39m [32mpage reload [39m[2mwidgets/veltro/batch-physics.js[22m
[2m20:30:26[22m [36m[1m[vite][22m[39m [90m[2m(client)[22m[39m [32mpage reload [39m[2mwidgets/veltro/batch-scroll.js[22m
[2m20:30:26[22m [36m[1m[vite][22m[39m [90m[2m(client)[22m[39m [32mpage reload [39m[2mwidgets/veltro/batch-spatial.js[22m
[2m20:30:26[22m [36m[1m[vite][22m[39m [90m[2m(client)[22m[39m [32mpage reload [39m[2mwidgets/veltro/batch-text.js[22m
[2m20:30:27[22m [36m[1m[vite][22m[39m [90m[2m(client)[22m[39m [32mpage reload [39m[2mwidgets/veltro/orig-fx.js[22m
[2m20:30:27[22m [36m[1m[vite][22m[39m [90m[2m(client)[22m[39m [32mpage reload [39m[2mwidgets/veltro/orig-text.js[22m
[2m20:32:08[22m [36m[1m[vite][22m[39m [90m[2m(client)[22m[39m [32mpage reload [39m[2mwidgets/basic.js[22m
[2m20:32:08[22m [36m[1m[vite][22m[39m [90m[2m(client)[22m[39m [32mpage reload [39m[2mwidgets/basic.js[22m
[2m20:32:08[22m [36m[1m[vite][22m[39m [90m[2m(client)[22m[39m [32mpage reload [39m[2mwidgets/content.js[22m
[2m20:32:08[22m [36m[1m[vite][22m[39m [90m[2m(client)[22m[39m [32mpage reload [39m[2mwidgets/embed.js[22m
[2m20:32:09[22m [36m[1m[vite][22m[39m [90m[2m(client)[22m[39m [32mpage reload [39m[2mwidgets/gallery-like.js[22m
[2m20:32:09[22m [36m[1m[vite][22m[39m [90m[2m(client)[22m[39m [32mpage reload [39m[2mwidgets/interactive.js[22m
[2m20:32:09[22m [36m[1m[vite][22m[39m [90m[2m(client)[22m[39m [32mpage reload [39m[2mwidgets/layout.js[22m
[2m20:32:09[22m [36m[1m[vite][22m[39m [90m[2m(client)[22m[39m [32mpage reload [39m[2mwidgets/media.js[22m
[2m20:32:10[22m [36m[1m[vite][22m[39m [90m[2m(client)[22m[39m [32mpage reload [39m[2mwidgets/veltro/batch-ambient.js[22m
[2m20:32:10[22m [36m[1m[vite][22m[39m [90m[2m(client)[22m[39m [32mpage reload [39m[2mwidgets/veltro/batch-cursor.js[22m
[2m20:32:10[22m [36m[1m[vite][22m[39m [90m[2m(client)[22m[39m [32mpage reload [39m[2mwidgets/veltro/batch-physics.js[22m
[2m20:32:10[22m [36m[1m[vite][22m[39m [90m[2m(client)[22m[39m [32mpage reload [39m[2mwidgets/veltro/batch-scroll.js[22m
[2m20:32:10[22m [36m[1m[vite][22m[39m [90m[2m(client)[22m[39m [32mpage reload [39m[2mwidgets/veltro/batch-spatial.js[22m
[2m20:32:11[22m [36m[1m[vite][22m[39m [90m[2m(client)[22m[39m [32mpage reload [39m[2mwidgets/veltro/batch-text.js[22m
[2m20:32:11[22m [36m[1m[vite][22m[39m [90m[2m(client)[22m[39m [32mpage reload [39m[2mwidgets/veltro/orig-fx.js[22m
[2m20:32:11[22m [36m[1m[vite][22m[39m [90m[2m(client)[22m[39m [32mpage reload [39m[2mwidgets/veltro/orig-text.js[22m
[2m20:32:24[22m [36m[1m[vite][22m[39m [90m[2m(client)[22m[39m [32mpage reload [39m[2mwidgets/basic.js[22m
[2m20:32:24[22m [36m[1m[vite][22m[39m [90m[2m(client)[22m[39m [32mpage reload [39m[2mwidgets/content.js[22m
[2m20:32:24[22m [36m[1m[vite][22m[39m [90m[2m(client)[22m[39m [32mpage reload [39m[2mwidgets/content.js[22m
[2m20:32:25[22m [36m[1m[vite][22m[39m [90m[2m(client)[22m[39m [32mpage reload [39m[2mwidgets/content.js[22m
[2m20:32:25[22m [36m[1m[vite][22m[39m [90m[2m(client)[22m[39m [32mpage reload [39m[2mwidgets/content.js[22m
[2m20:32:25[22m [36m[1m[vite][22m[39m [90m[2m(client)[22m[39m [32mpage reload [39m[2mwidgets/content.js[22m
[2m20:32:25[22m [36m[1m[vite][22m[39m [90m[2m(client)[22m[39m [32mpage reload [39m[2mwidgets/content.js[22m
[2m20:32:26[22m [36m[1m[vite][22m[39m [90m[2m(client)[22m[39m [32mpage reload [39m[2mwidgets/content.js[22m
[2m20:32:26[22m [36m[1m[vite][22m[39m [90m[2m(client)[22m[39m [32mpage reload [39m[2mwidgets/content.js[22m
[2m20:32:26[22m [36m[1m[vite][22m[39m [90m[2m(client)[22m[39m [32mpage reload [39m[2mwidgets/content.js[22m
[2m20:32:27[22m [36m[1m[vite][22m[39m [90m[2m(client)[22m[39m [32mpage reload [39m[2mwidgets/content.js[22m
[2m20:32:27[22m [36m[1m[vite][22m[39m [90m[2m(client)[22m[39m [32mpage reload [39m[2mwidgets/content.js[22m
[2m20:32:27[22m [36m[1m[vite][22m[39m [90m[2m(client)[22m[39m [32mpage reload [39m[2mwidgets/content.js[22m
[2m20:32:27[22m [36m[1m[vite][22m[39m [90m[2m(client)[22m[39m [32mpage reload [39m[2mwidgets/content.js[22m
[2m20:32:28[22m [36m[1m[vite][22m[39m [90m[2m(client)[22m[39m [32mpage reload [39m[2mwidgets/content.js[22m
[2m20:32:28[22m [36m[1m[vite][22m[39m [90m[2m(client)[22m[39m [32mpage reload [39m[2mwidgets/content.js[22m
[2m20:32:28[22m [36m[1m[vite][22m[39m [90m[2m(client)[22m[39m [32mpage reload [39m[2mwidgets/content.js[22m
[2m20:32:28[22m [36m[1m[vite][22m[39m [90m[2m(client)[22m[39m [32mpage reload [39m[2mwidgets/content.js[22m
[2m20:32:29[22m [36m[1m[vite][22m[39m [90m[2m(client)[22m[39m [32mpage reload [39m[2mwidgets/content.js[22m
[2m20:32:29[22m [36m[1m[vite][22m[39m [90m[2m(client)[22m[39m [32mpage reload [39m[2mwidgets/content.js[22m
[2m20:32:29[22m [36m[1m[vite][22m[39m [90m[2m(client)[22m[39m [32mpage reload [39m[2mwidgets/content.js[22m
[2m20:32:30[22m [36m[1m[vite][22m[39m [90m[2m(client)[22m[39m [32mpage reload [39m[2mwidgets/embed.js[22m
[2m20:32:30[22m [36m[1m[vite][22m[39m [90m[2m(client)[22m[39m [32mpage reload [39m[2mwidgets/embed.js[22m
[2m20:32:30[22m [36m[1m[vite][22m[39m [90m[2m(client)[22m[39m [32mpage reload [39m[2mwidgets/embed.js[22m
[2m20:32:30[22m [36m[1m[vite][22m[39m [90m[2m(client)[22m[39m [32mpage reload [39m[2mwidgets/embed.js[22m
[2m20:32:31[22m [36m[1m[vite][22m[39m [90m[2m(client)[22m[39m [32mpage reload [39m[2mwidgets/embed.js[22m
[2m20:32:31[22m [36m[1m[vite][22m[39m [90m[2m(client)[22m[39m [32mpage reload [39m[2mwidgets/embed.js[22m
[2m20:32:31[22m [36m[1m[vite][22m[39m [90m[2m(client)[22m[39m [32mpage reload [39m[2mwidgets/embed.js[22m
[2m20:32:32[22m [36m[1m[vite][22m[39m [90m[2m(client)[22m[39m [32mpage reload [39m[2mwidgets/embed.js[22m
[2m20:32:32[22m [36m[1m[vite][22m[39m [90m[2m(client)[22m[39m [32mpage reload [39m[2mwidgets/embed.js[22m
[2m20:32:32[22m [36m[1m[vite][22m[39m [90m[2m(client)[22m[39m [32mpage reload [39m[2mwidgets/embed.js[22m
[2m20:32:32[22m [36m[1m[vite][22m[39m [90m[2m(client)[22m[39m [32mpage reload [39m[2mwidgets/embed.js[22m
[2m20:32:33[22m [36m[1m[vite][22m[39m [90m[2m(client)[22m[39m [32mpage reload [39m[2mwidgets/embed.js[22m
[2m20:32:33[22m [36m[1m[vite][22m[39m [90m[2m(client)[22m[39m [32mpage reload [39m[2mwidgets/embed.js[22m
[2m20:32:33[22m [36m[1m[vite][22m[39m [90m[2m(client)[22m[39m [32mpage reload [39m[2mwidgets/embed.js[22m
[2m20:32:34[22m [36m[1m[vite][22m[39m [90m[2m(client)[22m[39m [32mpage reload [39m[2mwidgets/embed.js[22m
[2m20:32:34[22m [36m[1m[vite][22m[39m [90m[2m(client)[22m[39m [32mpage reload [39m[2mwidgets/embed.js[22m
[2m20:32:34[22m [36m[1m[vite][22m[39m [90m[2m(client)[22m[39m [32mpage reload [39m[2mwidgets/embed.js[22m
[2m20:32:34[22m [36m[1m[vite][22m[39m [90m[2m(client)[22m[39m [32mpage reload [39m[2mwidgets/embed.js[22m
[2m20:32:35[22m [36m[1m[vite][22m[39m [90m[2m(client)[22m[39m [32mpage reload [39m[2mwidgets/embed.js[22m
[2m20:32:35[22m [36m[1m[vite][22m[39m [90m[2m(client)[22m[39m [32mpage reload [39m[2mwidgets/embed.js[22m
[2m20:32:35[22m [36m[1m[vite][22m[39m [90m[2m(client)[22m[39m [32mpage reload [39m[2mwidgets/gallery-like.js[22m
[2m20:32:36[22m [36m[1m[vite][22m[39m [90m[2m(client)[22m[39m [32mpage reload [39m[2mwidgets/gallery-like.js[22m
[2m20:32:36[22m [36m[1m[vite][22m[39m [90m[2m(client)[22m[39m [32mpage reload [39m[2mwidgets/gallery-like.js[22m
[2m20:32:36[22m [36m[1m[vite][22m[39m [90m[2m(client)[22m[39m [32mpage reload [39m[2mwidgets/gallery-like.js[22m
[2m20:32:36[22m [36m[1m[vite][22m[39m [90m[2m(client)[22m[39m [32mpage reload [39m[2mwidgets/gallery-like.js[22m
[2m20:32:37[22m [36m[1m[vite][22m[39m [90m[2m(client)[22m[39m [32mpage reload [39m[2mwidgets/gallery-like.js[22m
[2m20:32:37[22m [36m[1m[vite][22m[39m [90m[2m(client)[22m[39m [32mpage reload [39m[2mwidgets/gallery-like.js[22m
[2m20:32:37[22m [36m[1m[vite][22m[39m [90m[2m(client)[22m[39m [32mpage reload [39m[2mwidgets/gallery-like.js[22m
[2m20:32:38[22m [36m[1m[vite][22m[39m [90m[2m(client)[22m[39m [32mpage reload [39m[2mwidgets/gallery-like.js[22m
[2m20:32:38[22m [36m[1m[vite][22m[39m [90m[2m(client)[22m[39m [32mpage reload [39m[2mwidgets/gallery-like.js[22m
[2m20:32:38[22m [36m[1m[vite][22m[39m [90m[2m(client)[22m[39m [32mpage reload [39m[2mwidgets/gallery-like.js[22m
[2m20:32:38[22m [36m[1m[vite][22m[39m [90m[2m(client)[22m[39m [32mpage reload [39m[2mwidgets/gallery-like.js[22m
[2m20:32:39[22m [36m[1m[vite][22m[39m [90m[2m(client)[22m[39m [32mpage reload [39m[2mwidgets/gallery-like.js[22m
[2m20:32:39[22m [36m[1m[vite][22m[39m [90m[2m(client)[22m[39m [32mpage reload [39m[2mwidgets/gallery-like.js[22m
[2m20:32:39[22m [36m[1m[vite][22m[39m [90m[2m(client)[22m[39m [32mpage reload [39m[2mwidgets/gallery-like.js[22m
[2m20:32:40[22m [36m[1m[vite][22m[39m [90m[2m(client)[22m[39m [32mpage reload [39m[2mwidgets/gallery-like.js[22m
[2m20:32:40[22m [36m[1m[vite][22m[39m [90m[2m(client)[22m[39m [32mpage reload [39m[2mwidgets/gallery-like.js[22m
[2m20:32:40[22m [36m[1m[vite][22m[39m [90m[2m(client)[22m[39m [32mpage reload [39m[2mwidgets/gallery-like.js[22m
[2m20:32:40[22m [36m[1m[vite][22m[39m [90m[2m(client)[22m[39m [32mpage reload [39m[2mwidgets/gallery-like.js[22m
[2m20:32:41[22m [36m[1m[vite][22m[39m [90m[2m(client)[22m[39m [32mpage reload [39m[2mwidgets/gallery-like.js[22m
[2m20:32:41[22m [36m[1m[vite][22m[39m [90m[2m(client)[22m[39m [32mpage reload [39m[2mwidgets/interactive.js[22m
[2m20:32:41[22m [36m[1m[vite][22m[39m [90m[2m(client)[22m[39m [32mpage reload [39m[2mwidgets/interactive.js[22m
[2m20:32:42[22m [36m[1m[vite][22m[39m [90m[2m(client)[22m[39m [32mpage reload [39m[2mwidgets/interactive.js[22m
[2m20:32:42[22m [36m[1m[vite][22m[39m [90m[2m(client)[22m[39m [32mpage reload [39m[2mwidgets/interactive.js[22m
[2m20:32:42[22m [36m[1m[vite][22m[39m [90m[2m(client)[22m[39m [32mpage reload [39m[2mwidgets/interactive.js[22m
[2m20:32:42[22m [36m[1m[vite][22m[39m [90m[2m(client)[22m[39m [32mpage reload [39m[2mwidgets/interactive.js[22m
[2m20:32:43[22m [36m[1m[vite][22m[39m [90m[2m(client)[22m[39m [32mpage reload [39m[2mwidgets/interactive.js[22m
[2m20:32:43[22m [36m[1m[vite][22m[39m [90m[2m(client)[22m[39m [32mpage reload [39m[2mwidgets/interactive.js[22m
[2m20:32:43[22m [36m[1m[vite][22m[39m [90m[2m(client)[22m[39m [32mpage reload [39m[2mwidgets/interactive.js[22m
[2m20:32:43[22m [36m[1m[vite][22m[39m [90m[2m(client)[22m[39m [32mpage reload [39m[2mwidgets/interactive.js[22m
[2m20:32:44[22m [36m[1m[vite][22m[39m [90m[2m(client)[22m[39m [32mpage reload [39m[2mwidgets/interactive.js[22m
[2m20:32:44[22m [36m[1m[vite][22m[39m [90m[2m(client)[22m[39m [32mpage reload [39m[2mwidgets/interactive.js[22m
[2m20:32:44[22m [36m[1m[vite][22m[39m [90m[2m(client)[22m[39m [32mpage reload [39m[2mwidgets/interactive.js[22m
[2m20:32:45[22m [36m[1m[vite][22m[39m [90m[2m(client)[22m[39m [32mpage reload [39m[2mwidgets/interactive.js[22m
[2m20:32:45[22m [36m[1m[vite][22m[39m [90m[2m(client)[22m[39m [32mpage reload [39m[2mwidgets/interactive.js[22m
[2m20:32:45[22m [36m[1m[vite][22m[39m [90m[2m(client)[22m[39m [32mpage reload [39m[2mwidgets/interactive.js[22m
[2m20:32:45[22m [36m[1m[vite][22m[39m [90m[2m(client)[22m[39m [32mpage reload [39m[2mwidgets/interactive.js[22m
[2m20:32:46[22m [36m[1m[vite][22m[39m [90m[2m(client)[22m[39m [32mpage reload [39m[2mwidgets/interactive.js[22m
[2m20:32:46[22m [36m[1m[vite][22m[39m [90m[2m(client)[22m[39m [32mpage reload [39m[2mwidgets/interactive.js[22m
[2m20:32:46[22m [36m[1m[vite][22m[39m [90m[2m(client)[22m[39m [32mpage reload [39m[2mwidgets/interactive.js[22m
[2m20:32:47[22m [36m[1m[vite][22m[39m [90m[2m(client)[22m[39m [32mpage reload [39m[2mwidgets/layout.js[22m
[2m20:32:47[22m [36m[1m[vite][22m[39m [90m[2m(client)[22m[39m [32mpage reload [39m[2mwidgets/layout.js[22m
[2m20:32:47[22m [36m[1m[vite][22m[39m [90m[2m(client)[22m[39m [32mpage reload [39m[2mwidgets/layout.js[22m
[2m20:32:48[22m [36m[1m[vite][22m[39m [90m[2m(client)[22m[39m [32mpage reload [39m[2mwidgets/layout.js[22m
[2m20:32:48[22m [36m[1m[vite][22m[39m [90m[2m(client)[22m[39m [32mpage reload [39m[2mwidgets/layout.js[22m
[2m20:32:48[22m [36m[1m[vite][22m[39m [90m[2m(client)[22m[39m [32mpage reload [39m[2mwidgets/layout.js[22m
[2m20:32:48[22m [36m[1m[vite][22m[39m [90m[2m(client)[22m[39m [32mpage reload [39m[2mwidgets/layout.js[22m
[2m20:32:49[22m [36m[1m[vite][22m[39m [90m[2m(client)[22m[39m [32mpage reload [39m[2mwidgets/layout.js[22m
[2m20:32:49[22m [36m[1m[vite][22m[39m [90m[2m(client)[22m[39m [32mpage reload [39m[2mwidgets/layout.js[22m
[2m20:32:49[22m [36m[1m[vite][22m[39m [90m[2m(client)[22m[39m [32mpage reload [39m[2mwidgets/layout.js[22m
[2m20:32:49[22m [36m[1m[vite][22m[39m [90m[2m(client)[22m[39m [32mpage reload [39m[2mwidgets/layout.js[22m
[2m20:32:50[22m [36m[1m[vite][22m[39m [90m[2m(client)[22m[39m [32mpage reload [39m[2mwidgets/layout.js[22m
[2m20:32:50[22m [36m[1m[vite][22m[39m [90m[2m(client)[22m[39m [32mpage reload [39m[2mwidgets/layout.js[22m
[2m20:32:50[22m [36m[1m[vite][22m[39m [90m[2m(client)[22m[39m [32mpage reload [39m[2mwidgets/layout.js[22m
[2m20:32:51[22m [36m[1m[vite][22m[39m [90m[2m(client)[22m[39m [32mpage reload [39m[2mwidgets/layout.js[22m
[2m20:32:51[22m [36m[1m[vite][22m[39m [90m[2m(client)[22m[39m [32mpage reload [39m[2mwidgets/layout.js[22m
[2m20:32:51[22m [36m[1m[vite][22m[39m [90m[2m(client)[22m[39m [32mpage reload [39m[2mwidgets/layout.js[22m
[2m20:32:51[22m [36m[1m[vite][22m[39m [90m[2m(client)[22m[39m [32mpage reload [39m[2mwidgets/layout.js[22m
[2m20:32:52[22m [36m[1m[vite][22m[39m [90m[2m(client)[22m[39m [32mpage reload [39m[2mwidgets/layout.js[22m
[2m20:32:52[22m [36m[1m[vite][22m[39m [90m[2m(client)[22m[39m [32mpage reload [39m[2mwidgets/layout.js[22m
[2m20:32:52[22m [36m[1m[vite][22m[39m [90m[2m(client)[22m[39m [32mpage reload [39m[2mwidgets/media.js[22m
[2m20:32:53[22m [36m[1m[vite][22m[39m [90m[2m(client)[22m[39m [32mpage reload [39m[2mwidgets/media.js[22m
[2m20:32:53[22m [36m[1m[vite][22m[39m [90m[2m(client)[22m[39m [32mpage reload [39m[2mwidgets/media.js[22m
[2m20:32:53[22m [36m[1m[vite][22m[39m [90m[2m(client)[22m[39m [32mpage reload [39m[2mwidgets/media.js[22m
[2m20:32:54[22m [36m[1m[vite][22m[39m [90m[2m(client)[22m[39m [32mpage reload [39m[2mwidgets/media.js[22m
[2m20:32:54[22m [36m[1m[vite][22m[39m [90m[2m(client)[22m[39m [32mpage reload [39m[2mwidgets/media.js[22m
[2m20:32:54[22m [36m[1m[vite][22m[39m [90m[2m(client)[22m[39m [32mpage reload [39m[2mwidgets/media.js[22m
[2m20:32:54[22m [36m[1m[vite][22m[39m [90m[2m(client)[22m[39m [32mpage reload [39m[2mwidgets/media.js[22m
[2m20:32:55[22m [36m[1m[vite][22m[39m [90m[2m(client)[22m[39m [32mpage reload [39m[2mwidgets/media.js[22m
[2m20:32:55[22m [36m[1m[vite][22m[39m [90m[2m(client)[22m[39m [32mpage reload [39m[2mwidgets/media.js[22m
[2m20:32:55[22m [36m[1m[vite][22m[39m [90m[2m(client)[22m[39m [32mpage reload [39m[2mwidgets/media.js[22m
[2m20:32:56[22m [36m[1m[vite][22m[39m [90m[2m(client)[22m[39m [32mpage reload [39m[2mwidgets/media.js[22m
[2m20:32:56[22m [36m[1m[vite][22m[39m [90m[2m(client)[22m[39m [32mpage reload [39m[2mwidgets/media.js[22m
[2m20:32:56[22m [36m[1m[vite][22m[39m [90m[2m(client)[22m[39m [32mpage reload [39m[2mwidgets/media.js[22m
[2m20:32:56[22m [36m[1m[vite][22m[39m [90m[2m(client)[22m[39m [32mpage reload [39m[2mwidgets/media.js[22m
[2m20:32:57[22m [36m[1m[vite][22m[39m [90m[2m(client)[22m[39m [32mpage reload [39m[2mwidgets/media.js[22m
[2m20:32:57[22m [36m[1m[vite][22m[39m [90m[2m(client)[22m[39m [32mpage reload [39m[2mwidgets/media.js[22m
[2m20:32:57[22m [36m[1m[vite][22m[39m [90m[2m(client)[22m[39m [32mpage reload [39m[2mwidgets/media.js[22m
[2m20:32:58[22m [36m[1m[vite][22m[39m [90m[2m(client)[22m[39m [32mpage reload [39m[2mwidgets/media.js[22m
[2m20:32:58[22m [36m[1m[vite][22m[39m [90m[2m(client)[22m[39m [32mpage reload [39m[2mwidgets/media.js[22m
[2m20:33:05[22m [36m[1m[vite][22m[39m [90m[2m(client)[22m[39m [32mpage reload [39m[2mwidgets/veltro/batch-ambient.js[22m
[2m20:33:05[22m [36m[1m[vite][22m[39m [90m[2m(client)[22m[39m [32mpage reload [39m[2mwidgets/veltro/batch-ambient.js[22m
[2m20:33:05[22m [36m[1m[vite][22m[39m [90m[2m(client)[22m[39m [32mpage reload [39m[2mwidgets/veltro/batch-ambient.js[22m
[2m20:33:05[22m [36m[1m[vite][22m[39m [90m[2m(client)[22m[39m [32mpage reload [39m[2mwidgets/veltro/batch-ambient.js[22m
[2m20:33:06[22m [36m[1m[vite][22m[39m [90m[2m(client)[22m[39m [32mpage reload [39m[2mwidgets/veltro/batch-ambient.js[22m
[2m20:33:06[22m [36m[1m[vite][22m[39m [90m[2m(client)[22m[39m [32mpage reload [39m[2mwidgets/veltro/batch-ambient.js[22m
[2m20:33:06[22m [36m[1m[vite][22m[39m [90m[2m(client)[22m[39m [32mpage reload [39m[2mwidgets/veltro/batch-ambient.js[22m
[2m20:33:07[22m [36m[1m[vite][22m[39m [90m[2m(client)[22m[39m [32mpage reload [39m[2mwidgets/veltro/batch-ambient.js[22m
[2m20:33:07[22m [36m[1m[vite][22m[39m [90m[2m(client)[22m[39m [32mpage reload [39m[2mwidgets/veltro/batch-ambient.js[22m
[2m20:33:07[22m [36m[1m[vite][22m[39m [90m[2m(client)[22m[39m [32mpage reload [39m[2mwidgets/veltro/batch-ambient.js[22m
[2m20:33:08[22m [36m[1m[vite][22m[39m [90m[2m(client)[22m[39m [32mpage reload [39m[2mwidgets/veltro/batch-ambient.js[22m
[2m20:33:08[22m [36m[1m[vite][22m[39m [90m[2m(client)[22m[39m [32mpage reload [39m[2mwidgets/veltro/batch-ambient.js[22m
[2m20:33:08[22m [36m[1m[vite][22m[39m [90m[2m(client)[22m[39m [32mpage reload [39m[2mwidgets/veltro/batch-ambient.js[22m
[2m20:33:08[22m [36m[1m[vite][22m[39m [90m[2m(client)[22m[39m [32mpage reload [39m[2mwidgets/veltro/batch-ambient.js[22m
[2m20:33:09[22m [36m[1m[vite][22m[39m [90m[2m(client)[22m[39m [32mpage reload [39m[2mwidgets/veltro/batch-ambient.js[22m
[2m20:33:09[22m [36m[1m[vite][22m[39m [90m[2m(client)[22m[39m [32mpage reload [39m[2mwidgets/veltro/batch-ambient.js[22m
[2m20:33:09[22m [36m[1m[vite][22m[39m [90m[2m(client)[22m[39m [32mpage reload [39m[2mwidgets/veltro/batch-ambient.js[22m
[2m20:33:10[22m [36m[1m[vite][22m[39m [90m[2m(client)[22m[39m [32mpage reload [39m[2mwidgets/veltro/batch-ambient.js[22m
[2m20:33:10[22m [36m[1m[vite][22m[39m [90m[2m(client)[22m[39m [32mpage reload [39m[2mwidgets/veltro/batch-ambient.js[22m
[2m20:33:10[22m [36m[1m[vite][22m[39m [90m[2m(client)[22m[39m [32mpage reload [39m[2mwidgets/veltro/batch-ambient.js[22m
[2m20:33:11[22m [36m[1m[vite][22m[39m [90m[2m(client)[22m[39m [32mpage reload [39m[2mwidgets/veltro/batch-cursor.js[22m
[2m20:33:11[22m [36m[1m[vite][22m[39m [90m[2m(client)[22m[39m [32mpage reload [39m[2mwidgets/veltro/batch-cursor.js[22m
[2m20:33:11[22m [36m[1m[vite][22m[39m [90m[2m(client)[22m[39m [32mpage reload [39m[2mwidgets/veltro/batch-cursor.js[22m
[2m20:33:11[22m [36m[1m[vite][22m[39m [90m[2m(client)[22m[39m [32mpage reload [39m[2mwidgets/veltro/batch-cursor.js[22m
[2m20:33:12[22m [36m[1m[vite][22m[39m [90m[2m(client)[22m[39m [32mpage reload [39m[2mwidgets/veltro/batch-cursor.js[22m
[2m20:33:12[22m [36m[1m[vite][22m[39m [90m[2m(client)[22m[39m [32mpage reload [39m[2mwidgets/veltro/batch-cursor.js[22m
[2m20:33:12[22m [36m[1m[vite][22m[39m [90m[2m(client)[22m[39m [32mpage reload [39m[2mwidgets/veltro/batch-cursor.js[22m
[2m20:33:13[22m [36m[1m[vite][22m[39m [90m[2m(client)[22m[39m [32mpage reload [39m[2mwidgets/veltro/batch-cursor.js[22m
[2m20:33:13[22m [36m[1m[vite][22m[39m [90m[2m(client)[22m[39m [32mpage reload [39m[2mwidgets/veltro/batch-cursor.js[22m
[2m20:33:13[22m [36m[1m[vite][22m[39m [90m[2m(client)[22m[39m [32mpage reload [39m[2mwidgets/veltro/batch-cursor.js[22m
[2m20:33:14[22m [36m[1m[vite][22m[39m [90m[2m(client)[22m[39m [32mpage reload [39m[2mwidgets/veltro/batch-cursor.js[22m
[2m20:33:14[22m [36m[1m[vite][22m[39m [90m[2m(client)[22m[39m [32mpage reload [39m[2mwidgets/veltro/batch-cursor.js[22m
[2m20:33:14[22m [36m[1m[vite][22m[39m [90m[2m(client)[22m[39m [32mpage reload [39m[2mwidgets/veltro/batch-cursor.js[22m
[2m20:33:14[22m [36m[1m[vite][22m[39m [90m[2m(client)[22m[39m [32mpage reload [39m[2mwidgets/veltro/batch-cursor.js[22m
[2m20:33:15[22m [36m[1m[vite][22m[39m [90m[2m(client)[22m[39m [32mpage reload [39m[2mwidgets/veltro/batch-cursor.js[22m
[2m20:33:15[22m [36m[1m[vite][22m[39m [90m[2m(client)[22m[39m [32mpage reload [39m[2mwidgets/veltro/batch-cursor.js[22m
[2m20:33:15[22m [36m[1m[vite][22m[39m [90m[2m(client)[22m[39m [32mpage reload [39m[2mwidgets/veltro/batch-cursor.js[22m
[2m20:33:16[22m [36m[1m[vite][22m[39m [90m[2m(client)[22m[39m [32mpage reload [39m[2mwidgets/veltro/batch-cursor.js[22m
[2m20:33:16[22m [36m[1m[vite][22m[39m [90m[2m(client)[22m[39m [32mpage reload [39m[2mwidgets/veltro/batch-cursor.js[22m
[2m20:33:16[22m [36m[1m[vite][22m[39m [90m[2m(client)[22m[39m [32mpage reload [39m[2mwidgets/veltro/batch-cursor.js[22m
[2m20:33:17[22m [36m[1m[vite][22m[39m [90m[2m(client)[22m[39m [32mpage reload [39m[2mwidgets/veltro/batch-physics.js[22m
[2m20:33:17[22m [36m[1m[vite][22m[39m [90m[2m(client)[22m[39m [32mpage reload [39m[2mwidgets/veltro/batch-physics.js[22m
[2m20:33:17[22m [36m[1m[vite][22m[39m [90m[2m(client)[22m[39m [32mpage reload [39m[2mwidgets/veltro/batch-physics.js[22m
[2m20:33:18[22m [36m[1m[vite][22m[39m [90m[2m(client)[22m[39m [32mpage reload [39m[2mwidgets/veltro/batch-physics.js[22m
[2m20:33:18[22m [36m[1m[vite][22m[39m [90m[2m(client)[22m[39m [32mpage reload [39m[2mwidgets/veltro/batch-physics.js[22m
[2m20:33:18[22m [36m[1m[vite][22m[39m [90m[2m(client)[22m[39m [32mpage reload [39m[2mwidgets/veltro/batch-physics.js[22m
[2m20:33:18[22m [36m[1m[vite][22m[39m [90m[2m(client)[22m[39m [32mpage reload [39m[2mwidgets/veltro/batch-physics.js[22m
[2m20:33:19[22m [36m[1m[vite][22m[39m [90m[2m(client)[22m[39m [32mpage reload [39m[2mwidgets/veltro/batch-physics.js[22m
[2m20:33:19[22m [36m[1m[vite][22m[39m [90m[2m(client)[22m[39m [32mpage reload [39m[2mwidgets/veltro/batch-physics.js[22m
[2m20:33:19[22m [36m[1m[vite][22m[39m [90m[2m(client)[22m[39m [32mpage reload [39m[2mwidgets/veltro/batch-physics.js[22m
[2m20:33:20[22m [36m[1m[vite][22m[39m [90m[2m(client)[22m[39m [32mpage reload [39m[2mwidgets/veltro/batch-physics.js[22m
[2m20:33:20[22m [36m[1m[vite][22m[39m [90m[2m(client)[22m[39m [32mpage reload [39m[2mwidgets/veltro/batch-physics.js[22m
[2m20:33:20[22m [36m[1m[vite][22m[39m [90m[2m(client)[22m[39m [32mpage reload [39m[2mwidgets/veltro/batch-physics.js[22m
[2m20:33:21[22m [36m[1m[vite][22m[39m [90m[2m(client)[22m[39m [32mpage reload [39m[2mwidgets/veltro/batch-physics.js[22m
[2m20:33:21[22m [36m[1m[vite][22m[39m [90m[2m(client)[22m[39m [32mpage reload [39m[2mwidgets/veltro/batch-physics.js[22m
[2m20:33:21[22m [36m[1m[vite][22m[39m [90m[2m(client)[22m[39m [32mpage reload [39m[2mwidgets/veltro/batch-physics.js[22m
[2m20:33:21[22m [36m[1m[vite][22m[39m [90m[2m(client)[22m[39m [32mpage reload [39m[2mwidgets/veltro/batch-physics.js[22m
[2m20:33:22[22m [36m[1m[vite][22m[39m [90m[2m(client)[22m[39m [32mpage reload [39m[2mwidgets/veltro/batch-physics.js[22m
[2m20:33:22[22m [36m[1m[vite][22m[39m [90m[2m(client)[22m[39m [32mpage reload [39m[2mwidgets/veltro/batch-physics.js[22m
[2m20:33:22[22m [36m[1m[vite][22m[39m [90m[2m(client)[22m[39m [32mpage reload [39m[2mwidgets/veltro/batch-physics.js[22m
[2m20:33:23[22m [36m[1m[vite][22m[39m [90m[2m(client)[22m[39m [32mpage reload [39m[2mwidgets/veltro/batch-scroll.js[22m
[2m20:33:23[22m [36m[1m[vite][22m[39m [90m[2m(client)[22m[39m [32mpage reload [39m[2mwidgets/veltro/batch-scroll.js[22m
[2m20:33:23[22m [36m[1m[vite][22m[39m [90m[2m(client)[22m[39m [32mpage reload [39m[2mwidgets/veltro/batch-scroll.js[22m
[2m20:33:24[22m [36m[1m[vite][22m[39m [90m[2m(client)[22m[39m [32mpage reload [39m[2mwidgets/veltro/batch-scroll.js[22m
[2m20:33:24[22m [36m[1m[vite][22m[39m [90m[2m(client)[22m[39m [32mpage reload [39m[2mwidgets/veltro/batch-scroll.js[22m
[2m20:33:24[22m [36m[1m[vite][22m[39m [90m[2m(client)[22m[39m [32mpage reload [39m[2mwidgets/veltro/batch-scroll.js[22m
[2m20:33:25[22m [36m[1m[vite][22m[39m [90m[2m(client)[22m[39m [32mpage reload [39m[2mwidgets/veltro/batch-scroll.js[22m
[2m20:33:25[22m [36m[1m[vite][22m[39m [90m[2m(client)[22m[39m [32mpage reload [39m[2mwidgets/veltro/batch-scroll.js[22m
[2m20:33:25[22m [36m[1m[vite][22m[39m [90m[2m(client)[22m[39m [32mpage reload [39m[2mwidgets/veltro/batch-scroll.js[22m
[2m20:33:25[22m [36m[1m[vite][22m[39m [90m[2m(client)[22m[39m [32mpage reload [39m[2mwidgets/veltro/batch-scroll.js[22m
[2m20:33:26[22m [36m[1m[vite][22m[39m [90m[2m(client)[22m[39m [32mpage reload [39m[2mwidgets/veltro/batch-scroll.js[22m
[2m20:33:26[22m [36m[1m[vite][22m[39m [90m[2m(client)[22m[39m [32mpage reload [39m[2mwidgets/veltro/batch-scroll.js[22m
[2m20:33:26[22m [36m[1m[vite][22m[39m [90m[2m(client)[22m[39m [32mpage reload [39m[2mwidgets/veltro/batch-scroll.js[22m
[2m20:33:27[22m [36m[1m[vite][22m[39m [90m[2m(client)[22m[39m [32mpage reload [39m[2mwidgets/veltro/batch-scroll.js[22m
[2m20:33:27[22m [36m[1m[vite][22m[39m [90m[2m(client)[22m[39m [32mpage reload [39m[2mwidgets/veltro/batch-scroll.js[22m
[2m20:33:27[22m [36m[1m[vite][22m[39m [90m[2m(client)[22m[39m [32mpage reload [39m[2mwidgets/veltro/batch-scroll.js[22m
[2m20:33:28[22m [36m[1m[vite][22m[39m [90m[2m(client)[22m[39m [32mpage reload [39m[2mwidgets/veltro/batch-scroll.js[22m
[2m20:33:28[22m [36m[1m[vite][22m[39m [90m[2m(client)[22m[39m [32mpage reload [39m[2mwidgets/veltro/batch-scroll.js[22m
[2m20:33:28[22m [36m[1m[vite][22m[39m [90m[2m(client)[22m[39m [32mpage reload [39m[2mwidgets/veltro/batch-scroll.js[22m
[2m20:33:28[22m [36m[1m[vite][22m[39m [90m[2m(client)[22m[39m [32mpage reload [39m[2mwidgets/veltro/batch-scroll.js[22m
[2m20:33:29[22m [36m[1m[vite][22m[39m [90m[2m(client)[22m[39m [32mpage reload [39m[2mwidgets/veltro/batch-spatial.js[22m
[2m20:33:29[22m [36m[1m[vite][22m[39m [90m[2m(client)[22m[39m [32mpage reload [39m[2mwidgets/veltro/batch-spatial.js[22m
[2m20:33:29[22m [36m[1m[vite][22m[39m [90m[2m(client)[22m[39m [32mpage reload [39m[2mwidgets/veltro/batch-spatial.js[22m
[2m20:33:30[22m [36m[1m[vite][22m[39m [90m[2m(client)[22m[39m [32mpage reload [39m[2mwidgets/veltro/batch-spatial.js[22m
[2m20:33:30[22m [36m[1m[vite][22m[39m [90m[2m(client)[22m[39m [32mpage reload [39m[2mwidgets/veltro/batch-spatial.js[22m
[2m20:33:30[22m [36m[1m[vite][22m[39m [90m[2m(client)[22m[39m [32mpage reload [39m[2mwidgets/veltro/batch-spatial.js[22m
[2m20:33:31[22m [36m[1m[vite][22m[39m [90m[2m(client)[22m[39m [32mpage reload [39m[2mwidgets/veltro/batch-spatial.js[22m
[2m20:33:31[22m [36m[1m[vite][22m[39m [90m[2m(client)[22m[39m [32mpage reload [39m[2mwidgets/veltro/batch-spatial.js[22m
[2m20:33:31[22m [36m[1m[vite][22m[39m [90m[2m(client)[22m[39m [32mpage reload [39m[2mwidgets/veltro/batch-spatial.js[22m
[2m20:33:32[22m [36m[1m[vite][22m[39m [90m[2m(client)[22m[39m [32mpage reload [39m[2mwidgets/veltro/batch-spatial.js[22m
[2m20:33:32[22m [36m[1m[vite][22m[39m [90m[2m(client)[22m[39m [32mpage reload [39m[2mwidgets/veltro/batch-spatial.js[22m
[2m20:33:32[22m [36m[1m[vite][22m[39m [90m[2m(client)[22m[39m [32mpage reload [39m[2mwidgets/veltro/batch-spatial.js[22m
[2m20:33:33[22m [36m[1m[vite][22m[39m [90m[2m(client)[22m[39m [32mpage reload [39m[2mwidgets/veltro/batch-spatial.js[22m
[2m20:33:33[22m [36m[1m[vite][22m[39m [90m[2m(client)[22m[39m [32mpage reload [39m[2mwidgets/veltro/batch-spatial.js[22m
[2m20:33:33[22m [36m[1m[vite][22m[39m [90m[2m(client)[22m[39m [32mpage reload [39m[2mwidgets/veltro/batch-spatial.js[22m
[2m20:33:33[22m [36m[1m[vite][22m[39m [90m[2m(client)[22m[39m [32mpage reload [39m[2mwidgets/veltro/batch-spatial.js[22m
[2m20:33:34[22m [36m[1m[vite][22m[39m [90m[2m(client)[22m[39m [32mpage reload [39m[2mwidgets/veltro/batch-spatial.js[22m
[2m20:33:34[22m [36m[1m[vite][22m[39m [90m[2m(client)[22m[39m [32mpage reload [39m[2mwidgets/veltro/batch-spatial.js[22m
[2m20:33:34[22m [36m[1m[vite][22m[39m [90m[2m(client)[22m[39m [32mpage reload [39m[2mwidgets/veltro/batch-spatial.js[22m
[2m20:33:35[22m [36m[1m[vite][22m[39m [90m[2m(client)[22m[39m [32mpage reload [39m[2mwidgets/veltro/batch-spatial.js[22m
[2m20:33:35[22m [36m[1m[vite][22m[39m [90m[2m(client)[22m[39m [32mpage reload [39m[2mwidgets/veltro/batch-text.js[22m
[2m20:33:35[22m [36m[1m[vite][22m[39m [90m[2m(client)[22m[39m [32mpage reload [39m[2mwidgets/veltro/batch-text.js[22m
[2m20:33:36[22m [36m[1m[vite][22m[39m [90m[2m(client)[22m[39m [32mpage reload [39m[2mwidgets/veltro/batch-text.js[22m
[2m20:33:36[22m [36m[1m[vite][22m[39m [90m[2m(client)[22m[39m [32mpage reload [39m[2mwidgets/veltro/batch-text.js[22m
[2m20:33:36[22m [36m[1m[vite][22m[39m [90m[2m(client)[22m[39m [32mpage reload [39m[2mwidgets/veltro/batch-text.js[22m
[2m20:33:36[22m [36m[1m[vite][22m[39m [90m[2m(client)[22m[39m [32mpage reload [39m[2mwidgets/veltro/batch-text.js[22m
[2m20:33:37[22m [36m[1m[vite][22m[39m [90m[2m(client)[22m[39m [32mpage reload [39m[2mwidgets/veltro/batch-text.js[22m
[2m20:33:37[22m [36m[1m[vite][22m[39m [90m[2m(client)[22m[39m [32mpage reload [39m[2mwidgets/veltro/batch-text.js[22m
[2m20:33:37[22m [36m[1m[vite][22m[39m [90m[2m(client)[22m[39m [32mpage reload [39m[2mwidgets/veltro/batch-text.js[22m
[2m20:33:38[22m [36m[1m[vite][22m[39m [90m[2m(client)[22m[39m [32mpage reload [39m[2mwidgets/veltro/batch-text.js[22m
[2m20:33:38[22m [36m[1m[vite][22m[39m [90m[2m(client)[22m[39m [32mpage reload [39m[2mwidgets/veltro/batch-text.js[22m
[2m20:33:38[22m [36m[1m[vite][22m[39m [90m[2m(client)[22m[39m [32mpage reload [39m[2mwidgets/veltro/batch-text.js[22m
[2m20:33:39[22m [36m[1m[vite][22m[39m [90m[2m(client)[22m[39m [32mpage reload [39m[2mwidgets/veltro/batch-text.js[22m
[2m20:33:39[22m [36m[1m[vite][22m[39m [90m[2m(client)[22m[39m [32mpage reload [39m[2mwidgets/veltro/batch-text.js[22m
[2m20:33:39[22m [36m[1m[vite][22m[39m [90m[2m(client)[22m[39m [32mpage reload [39m[2mwidgets/veltro/batch-text.js[22m
[2m20:33:40[22m [36m[1m[vite][22m[39m [90m[2m(client)[22m[39m [32mpage reload [39m[2mwidgets/veltro/batch-text.js[22m
[2m20:33:40[22m [36m[1m[vite][22m[39m [90m[2m(client)[22m[39m [32mpage reload [39m[2mwidgets/veltro/batch-text.js[22m
[2m20:33:40[22m [36m[1m[vite][22m[39m [90m[2m(client)[22m[39m [32mpage reload [39m[2mwidgets/veltro/batch-text.js[22m
[2m20:33:41[22m [36m[1m[vite][22m[39m [90m[2m(client)[22m[39m [32mpage reload [39m[2mwidgets/veltro/batch-text.js[22m
[2m20:33:41[22m [36m[1m[vite][22m[39m [90m[2m(client)[22m[39m [32mpage reload [39m[2mwidgets/veltro/batch-text.js[22m
[2m20:33:41[22m [36m[1m[vite][22m[39m [90m[2m(client)[22m[39m [32mpage reload [39m[2mwidgets/veltro/orig-fx.js[22m
[2m20:33:42[22m [36m[1m[vite][22m[39m [90m[2m(client)[22m[39m [32mpage reload [39m[2mwidgets/veltro/orig-fx.js[22m
[2m20:33:42[22m [36m[1m[vite][22m[39m [90m[2m(client)[22m[39m [32mpage reload [39m[2mwidgets/veltro/orig-fx.js[22m
[2m20:33:42[22m [36m[1m[vite][22m[39m [90m[2m(client)[22m[39m [32mpage reload [39m[2mwidgets/veltro/orig-fx.js[22m
[2m20:33:43[22m [36m[1m[vite][22m[39m [90m[2m(client)[22m[39m [32mpage reload [39m[2mwidgets/veltro/orig-fx.js[22m
[2m20:33:43[22m [36m[1m[vite][22m[39m [90m[2m(client)[22m[39m [32mpage reload [39m[2mwidgets/veltro/orig-fx.js[22m
[2m20:33:43[22m [36m[1m[vite][22m[39m [90m[2m(client)[22m[39m [32mpage reload [39m[2mwidgets/veltro/orig-fx.js[22m
[2m20:33:44[22m [36m[1m[vite][22m[39m [90m[2m(client)[22m[39m [32mpage reload [39m[2mwidgets/veltro/orig-fx.js[22m
[2m20:33:44[22m [36m[1m[vite][22m[39m [90m[2m(client)[22m[39m [32mpage reload [39m[2mwidgets/veltro/orig-fx.js[22m
[2m20:33:44[22m [36m[1m[vite][22m[39m [90m[2m(client)[22m[39m [32mpage reload [39m[2mwidgets/veltro/orig-fx.js[22m
[2m20:33:44[22m [36m[1m[vite][22m[39m [90m[2m(client)[22m[39m [32mpage reload [39m[2mwidgets/veltro/orig-fx.js[22m
[2m20:33:45[22m [36m[1m[vite][22m[39m [90m[2m(client)[22m[39m [32mpage reload [39m[2mwidgets/veltro/orig-fx.js[22m
[2m20:33:45[22m [36m[1m[vite][22m[39m [90m[2m(client)[22m[39m [32mpage reload [39m[2mwidgets/veltro/orig-fx.js[22m
[2m20:33:45[22m [36m[1m[vite][22m[39m [90m[2m(client)[22m[39m [32mpage reload [39m[2mwidgets/veltro/orig-fx.js[22m
[2m20:33:46[22m [36m[1m[vite][22m[39m [90m[2m(client)[22m[39m [32mpage reload [39m[2mwidgets/veltro/orig-fx.js[22m
[2m20:33:46[22m [36m[1m[vite][22m[39m [90m[2m(client)[22m[39m [32mpage reload [39m[2mwidgets/veltro/orig-fx.js[22m
[2m20:33:46[22m [36m[1m[vite][22m[39m [90m[2m(client)[22m[39m [32mpage reload [39m[2mwidgets/veltro/orig-fx.js[22m
[2m20:33:47[22m [36m[1m[vite][22m[39m [90m[2m(client)[22m[39m [32mpage reload [39m[2mwidgets/veltro/orig-fx.js[22m
[2m20:33:47[22m [36m[1m[vite][22m[39m [90m[2m(client)[22m[39m [32mpage reload [39m[2mwidgets/veltro/orig-fx.js[22m
[2m20:33:47[22m [36m[1m[vite][22m[39m [90m[2m(client)[22m[39m [32mpage reload [39m[2mwidgets/veltro/orig-fx.js[22m
[2m20:33:48[22m [36m[1m[vite][22m[39m [90m[2m(client)[22m[39m [32mpage reload [39m[2mwidgets/veltro/orig-text.js[22m
[2m20:33:48[22m [36m[1m[vite][22m[39m [90m[2m(client)[22m[39m [32mpage reload [39m[2mwidgets/veltro/orig-text.js[22m
[2m20:33:48[22m [36m[1m[vite][22m[39m [90m[2m(client)[22m[39m [32mpage reload [39m[2mwidgets/veltro/orig-text.js[22m
[2m20:33:49[22m [36m[1m[vite][22m[39m [90m[2m(client)[22m[39m [32mpage reload [39m[2mwidgets/veltro/orig-text.js[22m
[2m20:33:49[22m [36m[1m[vite][22m[39m [90m[2m(client)[22m[39m [32mpage reload [39m[2mwidgets/veltro/orig-text.js[22m
[2m20:33:49[22m [36m[1m[vite][22m[39m [90m[2m(client)[22m[39m [32mpage reload [39m[2mwidgets/veltro/orig-text.js[22m
[2m20:33:50[22m [36m[1m[vite][22m[39m [90m[2m(client)[22m[39m [32mpage reload [39m[2mwidgets/veltro/orig-text.js[22m
[2m20:33:50[22m [36m[1m[vite][22m[39m [90m[2m(client)[22m[39m [32mpage reload [39m[2mwidgets/veltro/orig-text.js[22m
[2m20:33:50[22m [36m[1m[vite][22m[39m [90m[2m(client)[22m[39m [32mpage reload [39m[2mwidgets/veltro/orig-text.js[22m
[2m20:33:50[22m [36m[1m[vite][22m[39m [90m[2m(client)[22m[39m [32mpage reload [39m[2mwidgets/veltro/orig-text.js[22m
[2m20:33:51[22m [36m[1m[vite][22m[39m [90m[2m(client)[22m[39m [32mpage reload [39m[2mwidgets/veltro/orig-text.js[22m
[2m20:33:51[22m [36m[1m[vite][22m[39m [90m[2m(client)[22m[39m [32mpage reload [39m[2mwidgets/veltro/orig-text.js[22m
[2m20:33:51[22m [36m[1m[vite][22m[39m [90m[2m(client)[22m[39m [32mpage reload [39m[2mwidgets/veltro/orig-text.js[22m
[2m20:33:52[22m [36m[1m[vite][22m[39m [90m[2m(client)[22m[39m [32mpage reload [39m[2mwidgets/veltro/orig-text.js[22m
[2m20:33:52[22m [36m[1m[vite][22m[39m [90m[2m(client)[22m[39m [32mpage reload [39m[2mwidgets/veltro/orig-text.js[22m
[2m20:33:52[22m [36m[1m[vite][22m[39m [90m[2m(client)[22m[39m [32mpage reload [39m[2mwidgets/veltro/orig-text.js[22m
[2m20:33:53[22m [36m[1m[vite][22m[39m [90m[2m(client)[22m[39m [32mpage reload [39m[2mwidgets/veltro/orig-text.js[22m
[2m20:33:53[22m [36m[1m[vite][22m[39m [90m[2m(client)[22m[39m [32mpage reload [39m[2mwidgets/veltro/orig-text.js[22m
[2m20:33:53[22m [36m[1m[vite][22m[39m [90m[2m(client)[22m[39m [32mpage reload [39m[2mwidgets/veltro/orig-text.js[22m
[2m20:33:54[22m [36m[1m[vite][22m[39m [90m[2m(client)[22m[39m [32mpage reload [39m[2mwidgets/veltro/orig-text.js[22m
[2m21:18:28[22m [36m[1m[vite][22m[39m [90m[2m(client)[22m[39m [32mpage reload [39m[2mwidgets/basic.js[22m
[2m21:18:28[22m [36m[1m[vite][22m[39m [90m[2m(client)[22m[39m [32mpage reload [39m[2mwidgets/content.js[22m
[2m21:18:33[22m [36m[1m[vite][22m[39m [90m[2m(client)[22m[39m [32mpage reload [39m[2mwidgets/basic.js[22m
[2m21:18:33[22m [36m[1m[vite][22m[39m [90m[2m(client)[22m[39m [32mpage reload [39m[2mwidgets/content.js[22m
[2m21:18:33[22m [36m[1m[vite][22m[39m [90m[2m(client)[22m[39m [32mpage reload [39m[2mwidgets/embed.js[22m
[2m21:18:34[22m [36m[1m[vite][22m[39m [90m[2m(client)[22m[39m [32mpage reload [39m[2mwidgets/gallery-like.js[22m
[2m21:18:34[22m [36m[1m[vite][22m[39m [90m[2m(client)[22m[39m [32mpage reload [39m[2mwidgets/interactive.js[22m
[2m21:18:34[22m [36m[1m[vite][22m[39m [90m[2m(client)[22m[39m [32mpage reload [39m[2mwidgets/layout.js[22m
[2m21:18:34[22m [36m[1m[vite][22m[39m [90m[2m(client)[22m[39m [32mpage reload [39m[2mwidgets/media.js[22m
[2m21:18:35[22m [36m[1m[vite][22m[39m [90m[2m(client)[22m[39m [32mpage reload [39m[2mwidgets/veltro/batch-ambient.js[22m
[2m21:18:35[22m [36m[1m[vite][22m[39m [90m[2m(client)[22m[39m [32mpage reload [39m[2mwidgets/veltro/batch-cursor.js[22m
[2m21:18:35[22m [36m[1m[vite][22m[39m [90m[2m(client)[22m[39m [32mpage reload [39m[2mwidgets/veltro/batch-physics.js[22m
[2m21:18:35[22m [36m[1m[vite][22m[39m [90m[2m(client)[22m[39m [32mpage reload [39m[2mwidgets/veltro/batch-scroll.js[22m
[2m21:18:36[22m [36m[1m[vite][22m[39m [90m[2m(client)[22m[39m [32mpage reload [39m[2mwidgets/veltro/batch-spatial.js[22m
[2m21:18:36[22m [36m[1m[vite][22m[39m [90m[2m(client)[22m[39m [32mpage reload [39m[2mwidgets/veltro/batch-text.js[22m
[2m21:18:36[22m [36m[1m[vite][22m[39m [90m[2m(client)[22m[39m [32mpage reload [39m[2mwidgets/veltro/orig-fx.js[22m
[2m21:18:36[22m [36m[1m[vite][22m[39m [90m[2m(client)[22m[39m [32mpage reload [39m[2mwidgets/veltro/orig-text.js[22m
[2m21:20:34[22m [36m[1m[vite][22m[39m [90m[2m(client)[22m[39m [32mpage reload [39m[2mwidgets/basic.js[22m
[2m21:20:34[22m [36m[1m[vite][22m[39m [90m[2m(client)[22m[39m [32mpage reload [39m[2mwidgets/content.js[22m
[2m21:20:34[22m [36m[1m[vite][22m[39m [90m[2m(client)[22m[39m [32mpage reload [39m[2mwidgets/embed.js[22m
[2m21:20:34[22m [36m[1m[vite][22m[39m [90m[2m(client)[22m[39m [32mpage reload [39m[2mwidgets/gallery-like.js[22m
[2m21:20:34[22m [36m[1m[vite][22m[39m [90m[2m(client)[22m[39m [32mpage reload [39m[2mwidgets/interactive.js[22m
[2m21:20:34[22m [36m[1m[vite][22m[39m [90m[2m(client)[22m[39m [32mpage reload [39m[2mwidgets/layout.js[22m
[2m21:20:34[22m [36m[1m[vite][22m[39m [90m[2m(client)[22m[39m [32mpage reload [39m[2mwidgets/media.js[22m
[2m21:20:35[22m [36m[1m[vite][22m[39m [90m[2m(client)[22m[39m [32mpage reload [39m[2mwidgets/veltro/batch-ambient.js[22m
[2m21:20:35[22m [36m[1m[vite][22m[39m [90m[2m(client)[22m[39m [32mpage reload [39m[2mwidgets/veltro/batch-cursor.js[22m
[2m21:20:35[22m [36m[1m[vite][22m[39m [90m[2m(client)[22m[39m [32mpage reload [39m[2mwidgets/veltro/batch-physics.js[22m
[2m21:20:35[22m [36m[1m[vite][22m[39m [90m[2m(client)[22m[39m [32mpage reload [39m[2mwidgets/veltro/batch-scroll.js[22m
[2m21:20:35[22m [36m[1m[vite][22m[39m [90m[2m(client)[22m[39m [32mpage reload [39m[2mwidgets/veltro/batch-spatial.js[22m
[2m21:20:35[22m [36m[1m[vite][22m[39m [90m[2m(client)[22m[39m [32mpage reload [39m[2mwidgets/veltro/batch-text.js[22m
[2m21:20:35[22m [36m[1m[vite][22m[39m [90m[2m(client)[22m[39m [32mpage reload [39m[2mwidgets/veltro/orig-fx.js[22m
[2m21:20:35[22m [36m[1m[vite][22m[39m [90m[2m(client)[22m[39m [32mpage reload [39m[2mwidgets/veltro/orig-text.js[22m
[2m21:24:34[22m [36m[1m[vite][22m[39m [90m[2m(client)[22m[39m [32mpage reload [39m[2mwidgets/basic.js[22m
[2m21:32:32[22m [36m[1m[vite][22m[39m [90m[2m(client)[22m[39m [32mhmr update [39m[2m/css/canvas.css?direct&v=2[22m
[2m21:32:41[22m [36m[1m[vite][22m[39m [90m[2m(client)[22m[39m [32mpage reload [39m[2mwidgets/basic.js[22m
[2m21:32:41[22m [36m[1m[vite][22m[39m [90m[2m(client)[22m[39m [32mpage reload [39m[2mwidgets/content.js[22m
[2m21:32:41[22m [36m[1m[vite][22m[39m [90m[2m(client)[22m[39m [32mpage reload [39m[2mwidgets/embed.js[22m
[2m21:32:41[22m [36m[1m[vite][22m[39m [90m[2m(client)[22m[39m [32mpage reload [39m[2mwidgets/gallery-like.js[22m
[2m21:32:41[22m [36m[1m[vite][22m[39m [90m[2m(client)[22m[39m [32mpage reload [39m[2mwidgets/interactive.js[22m
[2m21:32:41[22m [36m[1m[vite][22m[39m [90m[2m(client)[22m[39m [32mpage reload [39m[2mwidgets/layout.js[22m
[2m21:32:42[22m [36m[1m[vite][22m[39m [90m[2m(client)[22m[39m [32mpage reload [39m[2mwidgets/media.js[22m
[2m21:32:42[22m [36m[1m[vite][22m[39m [90m[2m(client)[22m[39m [32mpage reload [39m[2mwidgets/veltro/batch-ambient.js[22m
[2m21:32:42[22m [36m[1m[vite][22m[39m [90m[2m(client)[22m[39m [32mpage reload [39m[2mwidgets/veltro/batch-cursor.js[22m
[2m21:32:42[22m [36m[1m[vite][22m[39m [90m[2m(client)[22m[39m [32mpage reload [39m[2mwidgets/veltro/batch-physics.js[22m
[2m21:32:42[22m [36m[1m[vite][22m[39m [90m[2m(client)[22m[39m [32mpage reload [39m[2mwidgets/veltro/batch-scroll.js[22m
[2m21:32:42[22m [36m[1m[vite][22m[39m [90m[2m(client)[22m[39m [32mpage reload [39m[2mwidgets/veltro/batch-spatial.js[22m
[2m21:32:42[22m [36m[1m[vite][22m[39m [90m[2m(client)[22m[39m [32mpage reload [39m[2mwidgets/veltro/batch-text.js[22m
[2m21:32:42[22m [36m[1m[vite][22m[39m [90m[2m(client)[22m[39m [32mpage reload [39m[2mwidgets/veltro/orig-fx.js[22m
[2m21:32:43[22m [36m[1m[vite][22m[39m [90m[2m(client)[22m[39m [32mpage reload [39m[2mwidgets/veltro/orig-text.js[22m
[2m21:32:55[22m [36m[1m[vite][22m[39m [90m[2m(client)[22m[39m [32mpage reload [39m[2mwidgets/basic.js[22m
[2m21:33:02[22m [36m[1m[vite][22m[39m [90m[2m(client)[22m[39m [32mpage reload [39m[2mwidgets/basic.js[22m
[2m21:33:02[22m [36m[1m[vite][22m[39m [90m[2m(client)[22m[39m [32mpage reload [39m[2mwidgets/basic.js[22m
[2m21:33:12[22m [36m[1m[vite][22m[39m [90m[2m(client)[22m[39m [32mpage reload [39m[2mjs/panels.js[22m
[2m21:33:14[22m [36m[1m[vite][22m[39m [90m[2m(client)[22m[39m [32mpage reload [39m[2mwidgets/basic.js[22m
[2m21:33:14[22m [36m[1m[vite][22m[39m [90m[2m(client)[22m[39m [32mpage reload [39m[2mwidgets/basic.js[22m
[2m21:33:27[22m [36m[1m[vite][22m[39m [90m[2m(client)[22m[39m [32mpage reload [39m[2mwidgets/basic.js[22m
[2m21:33:44[22m [36m[1m[vite][22m[39m [90m[2m(client)[22m[39m [32mpage reload [39m[2mjs/panels.js[22m
[2m21:33:52[22m [36m[1m[vite][22m[39m [90m[2m(client)[22m[39m [32mpage reload [39m[2mjs/canvas.js[22m
[2m21:34:00[22m [36m[1m[vite][22m[39m [90m[2m(client)[22m[39m [32mpage reload [39m[2mwidgets/basic.js[22m
[2m21:34:05[22m [36m[1m[vite][22m[39m [90m[2m(client)[22m[39m [32mpage reload [39m[2mwidgets/content.js[22m
[2m21:34:05[22m [36m[1m[vite][22m[39m [90m[2m(client)[22m[39m [32mpage reload [39m[2mwidgets/embed.js[22m
[2m21:34:05[22m [36m[1m[vite][22m[39m [90m[2m(client)[22m[39m [32mpage reload [39m[2mwidgets/gallery-like.js[22m
[2m21:34:05[22m [36m[1m[vite][22m[39m [90m[2m(client)[22m[39m [32mpage reload [39m[2mwidgets/interactive.js[22m
[2m21:34:06[22m [36m[1m[vite][22m[39m [90m[2m(client)[22m[39m [32mpage reload [39m[2mwidgets/layout.js[22m
[2m21:34:06[22m [36m[1m[vite][22m[39m [90m[2m(client)[22m[39m [32mpage reload [39m[2mwidgets/media.js[22m
[2m21:34:06[22m [36m[1m[vite][22m[39m [90m[2m(client)[22m[39m [32mpage reload [39m[2mwidgets/veltro/batch-ambient.js[22m
[2m21:34:06[22m [36m[1m[vite][22m[39m [90m[2m(client)[22m[39m [32mpage reload [39m[2mwidgets/veltro/batch-cursor.js[22m
[2m21:34:06[22m [36m[1m[vite][22m[39m [90m[2m(client)[22m[39m [32mpage reload [39m[2mwidgets/veltro/batch-physics.js[22m
[2m21:34:06[22m [36m[1m[vite][22m[39m [90m[2m(client)[22m[39m [32mpage reload [39m[2mwidgets/veltro/batch-scroll.js[22m
[2m21:34:06[22m [36m[1m[vite][22m[39m [90m[2m(client)[22m[39m [32mpage reload [39m[2mwidgets/veltro/batch-spatial.js[22m
[2m21:34:06[22m [36m[1m[vite][22m[39m [90m[2m(client)[22m[39m [32mpage reload [39m[2mwidgets/veltro/batch-text.js[22m
[2m21:34:07[22m [36m[1m[vite][22m[39m [90m[2m(client)[22m[39m [32mpage reload [39m[2mwidgets/veltro/orig-fx.js[22m
[2m21:34:07[22m [36m[1m[vite][22m[39m [90m[2m(client)[22m[39m [32mpage reload [39m[2mwidgets/veltro/orig-text.js[22m
[2m21:34:14[22m [36m[1m[vite][22m[39m [90m[2m(client)[22m[39m [32mpage reload [39m[2mjs/canvas.js[22m
[2m21:34:23[22m [36m[1m[vite][22m[39m [90m[2m(client)[22m[39m [32mpage reload [39m[2mjs/canvas.js[22m
[2m21:34:32[22m [36m[1m[vite][22m[39m [90m[2m(client)[22m[39m [32mpage reload [39m[2mjs/canvas.js[22m
[2m21:35:58[22m [36m[1m[vite][22m[39m [90m[2m(client)[22m[39m [32mpage reload [39m[2mjs/panels.js[22m
[2m21:36:14[22m [36m[1m[vite][22m[39m [90m[2m(client)[22m[39m [32mpage reload [39m[2mjs/panels.js[22m
[2m21:36:29[22m [36m[1m[vite][22m[39m [90m[2m(client)[22m[39m [32mpage reload [39m[2mwidgets/basic.js[22m
[2m21:36:29[22m [36m[1m[vite][22m[39m [90m[2m(client)[22m[39m [32mpage reload [39m[2mwidgets/basic.js[22m
[2m21:36:50[22m [36m[1m[vite][22m[39m [90m[2m(client)[22m[39m [32mpage reload [39m[2mjs/panels.js[22m
[2m21:36:53[22m [36m[1m[vite][22m[39m [90m[2m(client)[22m[39m [32mpage reload [39m[2mwidgets/basic.js[22m
[2m21:37:37[22m [36m[1m[vite][22m[39m [90m[2m(client)[22m[39m [32mhmr update [39m[2m/css/canvas.css?direct&v=2[22m
[2m21:37:37[22m [36m[1m[vite][22m[39m [90m[2m(client)[22m[39m [32mpage reload [39m[2mjs/canvas.js[22m
[2m21:37:40[22m [36m[1m[vite][22m[39m [90m[2m(client)[22m[39m [32mpage reload [39m[2mjs/canvas.js[22m
[2m21:37:43[22m [36m[1m[vite][22m[39m [90m[2m(client)[22m[39m [32mpage reload [39m[2mjs/canvas.js[22m
[2m21:37:46[22m [36m[1m[vite][22m[39m [90m[2m(client)[22m[39m [32mpage reload [39m[2mjs/canvas.js[22m
[2m21:37:53[22m [36m[1m[vite][22m[39m [90m[2m(client)[22m[39m [32mpage reload [39m[2mjs/canvas.js[22m
[2m21:37:56[22m [36m[1m[vite][22m[39m [90m[2m(client)[22m[39m [32mpage reload [39m[2mjs/canvas.js[22m
[2m21:37:58[22m [36m[1m[vite][22m[39m [90m[2m(client)[22m[39m [32mpage reload [39m[2mjs/canvas.js[22m
[2m21:38:01[22m [36m[1m[vite][22m[39m [90m[2m(client)[22m[39m [32mpage reload [39m[2mjs/canvas.js[22m
[2m21:38:08[22m [36m[1m[vite][22m[39m [90m[2m(client)[22m[39m [32mpage reload [39m[2mjs/canvas.js[22m
[2m21:38:13[22m [36m[1m[vite][22m[39m [90m[2m(client)[22m[39m [32mpage reload [39m[2mjs/canvas.js[22m
[2m21:38:16[22m [36m[1m[vite][22m[39m [90m[2m(client)[22m[39m [32mpage reload [39m[2mjs/canvas.js[22m
[2m21:38:20[22m [36m[1m[vite][22m[39m [90m[2m(client)[22m[39m [32mpage reload [39m[2mjs/panels.js[22m
[2m21:38:32[22m [36m[1m[vite][22m[39m [90m[2m(client)[22m[39m [32mpage reload [39m[2mjs/panels.js[22m
[2m21:38:41[22m [36m[1m[vite][22m[39m [90m[2m(client)[22m[39m [32mpage reload [39m[2mjs/panels.js[22m
[2m21:39:27[22m [36m[1m[vite][22m[39m [90m[2m(client)[22m[39m [32mpage reload [39m[2mjs/panels.js[22m
[2m21:39:47[22m [36m[1m[vite][22m[39m [90m[2m(client)[22m[39m [32mpage reload [39m[2mjs/panels.js[22m
[2m21:39:57[22m [36m[1m[vite][22m[39m [90m[2m(client)[22m[39m [32mpage reload [39m[2mjs/panels.js[22m
[2m21:40:08[22m [36m[1m[vite][22m[39m [90m[2m(client)[22m[39m [32mpage reload [39m[2mjs/panels.js[22m
[2m21:40:38[22m [36m[1m[vite][22m[39m [90m[2m(client)[22m[39m [32mhmr update [39m[2m/css/canvas.css?direct&v=2[22m
[2m21:41:32[22m [36m[1m[vite][22m[39m [90m[2m(client)[22m[39m [32mpage reload [39m[2mjs/panels.js[22m
[2m21:41:47[22m [36m[1m[vite][22m[39m [90m[2m(client)[22m[39m [32mpage reload [39m[2mjs/panels.js[22m
[2m21:42:15[22m [36m[1m[vite][22m[39m [90m[2m(client)[22m[39m [32mpage reload [39m[2mjs/panels.js[22m
[2m21:42:29[22m [36m[1m[vite][22m[39m [90m[2m(client)[22m[39m [32mpage reload [39m[2mjs/panels.js[22m
[2m21:42:43[22m [36m[1m[vite][22m[39m [90m[2m(client)[22m[39m [32mhmr update [39m[2m/css/canvas.css?direct&v=2[22m
[2m21:43:16[22m [36m[1m[vite][22m[39m [90m[2m(client)[22m[39m [32mpage reload [39m[2mjs/panels.js[22m
[2m21:44:29[22m [36m[1m[vite][22m[39m [90m[2m(client)[22m[39m [32mpage reload [39m[2mframework-builder.html[22m
[2m21:44:39[22m [36m[1m[vite][22m[39m [90m[2m(client)[22m[39m [32mhmr update [39m[2m/css/layout.css?direct&v=3[22m
[2m21:48:35[22m [36m[1m[vite][22m[39m [90m[2m(client)[22m[39m [32mpage reload [39m[2mjs/panels.js[22m
[2m21:49:44[22m [36m[1m[vite][22m[39m [90m[2m(client)[22m[39m [32mpage reload [39m[2mjs/panels.js[22m
[2m21:50:16[22m [36m[1m[vite][22m[39m [90m[2m(client)[22m[39m [32mpage reload [39m[2mjs/panels.js[22m
[2m21:50:34[22m [36m[1m[vite][22m[39m [90m[2m(client)[22m[39m [32mpage reload [39m[2mframework-builder.html[22m
[2m21:50:37[22m [36m[1m[vite][22m[39m [90m[2m(client)[22m[39m [32mhmr update [39m[2m/css/layout.css?direct&v=3[22m
[2m21:51:14[22m [36m[1m[vite][22m[39m [90m[2m(client)[22m[39m [32mpage reload [39m[2mjs/canvas.js[22m
[2m21:55:51[22m [36m[1m[vite][22m[39m [90m[2m(client)[22m[39m [32mhmr update [39m[2m/css/canvas.css?direct&v=2[22m
[2m21:58:14[22m [36m[1m[vite][22m[39m [90m[2m(client)[22m[39m [32mpage reload [39m[2mjs/panels.js[22m
[2m21:58:22[22m [36m[1m[vite][22m[39m [90m[2m(client)[22m[39m [32mhmr update [39m[2m/css/canvas.css?direct&v=2[22m
[2m21:59:11[22m [36m[1m[vite][22m[39m [90m[2m(client)[22m[39m [32mpage reload [39m[2mjs/canvas.js[22m
[2m22:01:26[22m [36m[1m[vite][22m[39m [90m[2m(client)[22m[39m [32mpage reload [39m[2mjs/panels.js[22m
[2m22:01:59[22m [36m[1m[vite][22m[39m [90m[2m(client)[22m[39m [32mpage reload [39m[2mjs/panels.js[22m
[2m22:03:03[22m [36m[1m[vite][22m[39m [90m[2m(client)[22m[39m [32mpage reload [39m[2mjs/canvas.js[22m
[2m22:03:11[22m [36m[1m[vite][22m[39m [90m[2m(client)[22m[39m [32mpage reload [39m[2mjs/canvas.js[22m
[2m22:06:10[22m [36m[1m[vite][22m[39m [90m[2m(client)[22m[39m [32mpage reload [39m[2mjs/panels.js[22m
[2m22:06:16[22m [36m[1m[vite][22m[39m [90m[2m(client)[22m[39m [32mpage reload [39m[2mjs/panels.js[22m
[2m22:09:37[22m [36m[1m[vite][22m[39m [90m[2m(client)[22m[39m [32mpage reload [39m[2mjs/panels.js[22m
[2m22:09:49[22m [36m[1m[vite][22m[39m [90m[2m(client)[22m[39m [32mpage reload [39m[2mjs/panels.js[22m
[2m22:10:04[22m [36m[1m[vite][22m[39m [90m[2m(client)[22m[39m [32mpage reload [39m[2mjs/panels.js[22m
[2m22:10:59[22m [36m[1m[vite][22m[39m [90m[2m(client)[22m[39m [32mpage reload [39m[2mjs/panels.js[22m
[2m22:14:10[22m [36m[1m[vite][22m[39m [90m[2m(client)[22m[39m [32mhmr update [39m[2m/css/canvas.css?direct&v=2[22m
[2m22:28:35[22m [36m[1m[vite][22m[39m [90m[2m(client)[22m[39m [32mpage reload [39m[2mjs/widgets.js[22m
[2m22:29:04[22m [36m[1m[vite][22m[39m [90m[2m(client)[22m[39m [32mpage reload [39m[2mjs/widgets.js[22m
[2m22:29:22[22m [36m[1m[vite][22m[39m [90m[2m(client)[22m[39m [32mpage reload [39m[2mjs/widgets.js[22m
[2m22:52:26[22m [36m[1m[vite][22m[39m [90m[2m(client)[22m[39m [32mhmr update [39m[2m/css/grids.css?direct&v=2[22m
[2m22:56:53[22m [36m[1m[vite][22m[39m [90m[2m(client)[22m[39m [32mpage reload [39m[2mwidgets/content.js[22m
[2m22:57:10[22m [36m[1m[vite][22m[39m [90m[2m(client)[22m[39m [32mpage reload [39m[2mwidgets/content.js[22m
[2m22:57:30[22m [36m[1m[vite][22m[39m [90m[2m(client)[22m[39m [32mpage reload [39m[2mwidgets/gallery-like.js[22m
[2m22:57:52[22m [36m[1m[vite][22m[39m [90m[2m(client)[22m[39m [32mpage reload [39m[2mwidgets/layout.js[22m
[2m22:58:03[22m [36m[1m[vite][22m[39m [90m[2m(client)[22m[39m [32mpage reload [39m[2mwidgets/embed.js[22m
[2m22:58:08[22m [36m[1m[vite][22m[39m [90m[2m(client)[22m[39m [32mpage reload [39m[2mwidgets/interactive.js[22m
[2m22:58:12[22m [36m[1m[vite][22m[39m [90m[2m(client)[22m[39m [32mpage reload [39m[2mwidgets/media.js[22m
[2m23:00:04[22m [36m[1m[vite][22m[39m [90m[2m(client)[22m[39m [32mpage reload [39m[2mwidgets/veltro/batch-cursor.js[22m
[2m23:01:29[22m [36m[1m[vite][22m[39m [90m[2m(client)[22m[39m [32mpage reload [39m[2mjs/widgets.js[22m
[2m05:37:31[22m [36m[1m[vite][22m[39m [90m[2m(client)[22m[39m [32mpage reload [39m[2mwidgets/veltro/inits.js[22m
[2m05:48:01[22m [36m[1m[vite][22m[39m [90m[2m(client)[22m[39m [32mpage reload [39m[2mjs/widgets.js[22m
[2m05:48:11[22m [36m[1m[vite][22m[39m [90m[2m(client)[22m[39m [32mpage reload [39m[2mjs/widgets.js[22m
[2m05:48:28[22m [36m[1m[vite][22m[39m [90m[2m(client)[22m[39m [32mpage reload [39m[2mjs/widgets.js[22m
[2m05:50:06[22m [36m[1m[vite][22m[39m [90m[2m(client)[22m[39m [32mpage reload [39m[2mjs/widgets.js[22m
[2m05:50:35[22m [36m[1m[vite][22m[39m [90m[2m(client)[22m[39m [32mpage reload [39m[2mjs/widgets.js[22m
[2m05:51:05[22m [36m[1m[vite][22m[39m [90m[2m(client)[22m[39m [32mpage reload [39m[2mjs/widgets.js[22m
[2m05:51:25[22m [36m[1m[vite][22m[39m [90m[2m(client)[22m[39m [32mpage reload [39m[2mjs/widgets.js[22m
[2m05:58:38[22m [36m[1m[vite][22m[39m [90m[2m(client)[22m[39m [32mpage reload [39m[2mwidgets/veltro/batch-physics.js[22m
[2m06:08:22[22m [36m[1m[vite][22m[39m [90m[2m(client)[22m[39m [32mpage reload [39m[2mwidgets/veltro/inits.js[22m
[2m06:08:27[22m [36m[1m[vite][22m[39m [90m[2m(client)[22m[39m [32mpage reload [39m[2mwidgets/veltro/inits.js[22m
[2m06:09:02[22m [36m[1m[vite][22m[39m [90m[2m(client)[22m[39m [32mpage reload [39m[2mwidgets/veltro/inits.js[22m
[2m06:10:26[22m [36m[1m[vite][22m[39m [90m[2m(client)[22m[39m [32mpage reload [39m[2mwidgets/veltro/inits.js[22m
[2m06:10:42[22m [36m[1m[vite][22m[39m [90m[2m(client)[22m[39m [32mpage reload [39m[2mwidgets/veltro/batch-scroll.js[22m
[2m06:10:57[22m [36m[1m[vite][22m[39m [90m[2m(client)[22m[39m [32mpage reload [39m[2mwidgets/veltro/inits.js[22m
[2m06:11:32[22m [36m[1m[vite][22m[39m [90m[2m(client)[22m[39m [32mpage reload [39m[2mwidgets/veltro/batch-scroll.js[22m
[2m06:12:38[22m [36m[1m[vite][22m[39m [90m[2m(client)[22m[39m [32mpage reload [39m[2mwidgets/veltro/inits.js[22m
[2m06:12:54[22m [36m[1m[vite][22m[39m [90m[2m(client)[22m[39m [32mpage reload [39m[2mwidgets/veltro/inits.js[22m
[2m08:05:31[22m [36m[1m[vite][22m[39m [90m[2m(client)[22m[39m [32mpage reload [39m[2mjs/ai-knowledge.js[22m
[2m08:06:42[22m [36m[1m[vite][22m[39m [90m[2m(client)[22m[39m [32mpage reload [39m[2mjs/ai-agent.js[22m
[2m08:07:07[22m [36m[1m[vite][22m[39m [90m[2m(client)[22m[39m [32mpage reload [39m[2mjs/ai-knowledge.js[22m
