[     876ms] TypeError: Cannot read properties of undefined (reading 'replace')
    at FB.canvas.renderBlockHTML (http://localhost:8082/js/canvas.js?v=99:204:20)
    at FB.canvas._renderBlock (http://localhost:8082/js/canvas.js?v=99:2969:33)
    at http://localhost:8082/js/canvas.js?v=99:3203:15
    at Array.forEach (<anonymous>)
    at FB.canvas.render (http://localhost:8082/js/canvas.js?v=99:3200:13)
    at HTMLDocument.<anonymous> (http://localhost:8082/js/app.js?v=3:20:13)
[   43850ms] TypeError: Cannot read properties of undefined (reading 'replace')
    at FB.canvas.renderBlockHTML (http://localhost:8082/js/canvas.js?v=99:204:20)
    at FB.canvas._renderBlock (http://localhost:8082/js/canvas.js?v=99:2969:33)
    at http://localhost:8082/js/canvas.js?v=99:3203:15
    at Array.forEach (<anonymous>)
    at FB.canvas.render (http://localhost:8082/js/canvas.js?v=99:3200:13)
    at HTMLDocument.<anonymous> (http://localhost:8082/js/app.js?v=3:20:13)
[   46541ms] TypeError: Cannot read properties of undefined (reading 'replace')
    at FB.canvas.renderBlockHTML (http://localhost:8082/js/canvas.js?v=99:204:20)
    at FB.canvas._renderBlock (http://localhost:8082/js/canvas.js?v=99:2969:33)
    at http://localhost:8082/js/canvas.js?v=99:3203:15
    at Array.forEach (<anonymous>)
    at FB.canvas.render (http://localhost:8082/js/canvas.js?v=99:3200:13)
    at HTMLDocument.<anonymous> (http://localhost:8082/js/app.js?v=3:20:13)
[   76771ms] TypeError: Cannot read properties of undefined (reading 'replace')
    at FB.canvas.renderBlockHTML (http://localhost:8082/js/canvas.js?v=99:204:20)
    at FB.canvas._renderBlock (http://localhost:8082/js/canvas.js?v=99:2969:33)
    at http://localhost:8082/js/canvas.js?v=99:3203:15
    at Array.forEach (<anonymous>)
    at FB.canvas.render (http://localhost:8082/js/canvas.js?v=99:3200:13)
    at HTMLDocument.<anonymous> (http://localhost:8082/js/app.js?v=3:20:13)
[  307100ms] TypeError: Cannot read properties of undefined (reading 'replace')
    at FB.canvas.renderBlockHTML (http://localhost:8082/js/canvas.js?v=99:281:20)
    at FB.canvas._renderBlock (http://localhost:8082/js/canvas.js?v=99:2969:33)
    at http://localhost:8082/js/canvas.js?v=99:3203:15
    at Array.forEach (<anonymous>)
    at FB.canvas.render (http://localhost:8082/js/canvas.js?v=99:3200:13)
    at HTMLDocument.<anonymous> (http://localhost:8082/js/app.js?v=3:20:13)
