{"type":"server-started","port":54605,"host":"127.0.0.1","url_host":"localhost","url":"http://localhost:54605","screen_dir":"/home/shauntuhey/Framework/.superpowers/brainstorm/20619-1779436702/content","state_dir":"/home/shauntuhey/Framework/.superpowers/brainstorm/20619-1779436702/state"}
{"type":"screen-added","file":"/home/shauntuhey/Framework/.superpowers/brainstorm/20619-1779436702/content/help-format.html"}
{"type":"screen-updated","file":"/home/shauntuhey/Framework/.superpowers/brainstorm/20619-1779436702/content/help-format.html"}
{"source":"user-event","type":"click","text":"▶ Quick Tour\n          \n          \n            ? Help Centre\n          \n        \n        \n          Canvas\n        \n        \n          Help button always visible in toolbar\n        \n      \n    \n    \n      C — Tour + Help Centre\n      \n        A \"?\" button in the toolbar opens the Help Centre. First-time users also\n        get a gentle \"Take a quick tour?\" prompt. Both modes available at any\n        time.\n      \n      \n        Best for: most complete experience","choice":"both","id":null,"timestamp":1779436806817}
{"source":"user-event","type":"click","text":"▶ Quick Tour\n          \n          \n            ? Help Centre\n          \n        \n        \n          Canvas\n        \n        \n          Help button always visible in toolbar\n        \n      \n    \n    \n      C — Tour + Help Centre\n      \n        A \"?\" button in the toolbar opens the Help Centre. First-time users also\n        get a gentle \"Take a quick tour?\" prompt. Both modes available at any\n        time.\n      \n      \n        Best for: most complete experience","choice":"both","id":null,"timestamp":1779436814582}
{"source":"user-event","type":"click","text":"▶ Quick Tour\n          \n          \n            ? Help Centre\n          \n        \n        \n          Canvas\n        \n        \n          Help button always visible in toolbar\n        \n      \n    \n    \n      C — Tour + Help Centre\n      \n        A \"?\" button in the toolbar opens the Help Centre. First-time users also\n        get a gentle \"Take a quick tour?\" prompt. Both modes available at any\n        time.\n      \n      \n        Best for: most complete experience","choice":"both","id":null,"timestamp":1779436814815}
{"source":"user-event","type":"click","text":"▶ Quick Tour\n          \n          \n            ? Help Centre\n          \n        \n        \n          Canvas\n        \n        \n          Help button always visible in toolbar\n        \n      \n    \n    \n      C — Tour + Help Centre\n      \n        A \"?\" button in the toolbar opens the Help Centre. First-time users also\n        get a gentle \"Take a quick tour?\" prompt. Both modes available at any\n        time.\n      \n      \n        Best for: most complete experience","choice":"both","id":null,"timestamp":1779436816024}
{"source":"user-event","type":"click","text":"▶ Quick Tour\n          \n          \n            ? Help Centre\n          \n        \n        \n          Canvas\n        \n        \n          Help button always visible in toolbar\n        \n      \n    \n    \n      C — Tour + Help Centre\n      \n        A \"?\" button in the toolbar opens the Help Centre. First-time users also\n        get a gentle \"Take a quick tour?\" prompt. Both modes available at any\n        time.\n      \n      \n        Best for: most complete experience","choice":"both","id":null,"timestamp":1779436817616}
{"type":"screen-added","file":"/home/shauntuhey/Framework/.superpowers/brainstorm/20619-1779436702/content/help-placement.html"}
{"type":"screen-updated","file":"/home/shauntuhey/Framework/.superpowers/brainstorm/20619-1779436702/content/help-placement.html"}
{"source":"user-event","type":"click","text":"Framework Builder\n        \n          🖥\n          📱\n          |\n          ↩\n          ↪\n          |\n          ⚙\n          ?\n        \n        \n          ☀\n          🇬🇧\n          Export\n        \n      \n    \n    \n      B — Centre toolbar, next to Settings\n      \n        Lives beside the ⚙ Settings button in the main toolbar cluster. Grouped\n        with app controls rather than export actions.","choice":"topbar-settings","id":null,"timestamp":1779436879842}
{"source":"user-event","type":"click","text":"Framework Builder\n        \n          🖥\n          📱\n          |\n          ↩\n          ↪\n          |\n          ⚙\n          ?\n        \n        \n          ☀\n          🇬🇧\n          Export\n        \n      \n    \n    \n      B — Centre toolbar, next to Settings\n      \n        Lives beside the ⚙ Settings button in the main toolbar cluster. Grouped\n        with app controls rather than export actions.","choice":"topbar-settings","id":null,"timestamp":1779437008240}
{"source":"user-event","type":"click","text":"Framework Builder\n        \n          🖥\n          📱\n          |\n          ↩\n          ↪\n          |\n          ⚙\n          ?\n        \n        \n          ☀\n          🇬🇧\n          Export\n        \n      \n    \n    \n      B — Centre toolbar, next to Settings\n      \n        Lives beside the ⚙ Settings button in the main toolbar cluster. Grouped\n        with app controls rather than export actions.","choice":"topbar-settings","id":null,"timestamp":1779437008452}
{"type":"screen-added","file":"/home/shauntuhey/Framework/.superpowers/brainstorm/20619-1779436702/content/tour-steps.html"}
{"type":"screen-updated","file":"/home/shauntuhey/Framework/.superpowers/brainstorm/20619-1779436702/content/tour-steps.html"}
{"type":"screen-added","file":"/home/shauntuhey/Framework/.superpowers/brainstorm/20619-1779436702/content/waiting-1.html"}
{"type":"screen-updated","file":"/home/shauntuhey/Framework/.superpowers/brainstorm/20619-1779436702/content/waiting-1.html"}
{"type":"screen-added","file":"/home/shauntuhey/Framework/.superpowers/brainstorm/20619-1779436702/content/design-help-centre.html"}
{"type":"screen-updated","file":"/home/shauntuhey/Framework/.superpowers/brainstorm/20619-1779436702/content/design-help-centre.html"}
{"type":"screen-added","file":"/home/shauntuhey/Framework/.superpowers/brainstorm/20619-1779436702/content/design-help-centre-v2.html"}
{"type":"screen-updated","file":"/home/shauntuhey/Framework/.superpowers/brainstorm/20619-1779436702/content/design-help-centre-v2.html"}
{"type":"screen-added","file":"/home/shauntuhey/Framework/.superpowers/brainstorm/20619-1779436702/content/design-help-centre-v3.html"}
{"type":"screen-updated","file":"/home/shauntuhey/Framework/.superpowers/brainstorm/20619-1779436702/content/design-help-centre-v3.html"}
{"type":"screen-added","file":"/home/shauntuhey/Framework/.superpowers/brainstorm/20619-1779436702/content/design-tour-step.html"}
{"type":"screen-updated","file":"/home/shauntuhey/Framework/.superpowers/brainstorm/20619-1779436702/content/design-tour-step.html"}
{"type":"screen-added","file":"/home/shauntuhey/Framework/.superpowers/brainstorm/20619-1779436702/content/waiting-2.html"}
{"type":"screen-updated","file":"/home/shauntuhey/Framework/.superpowers/brainstorm/20619-1779436702/content/waiting-2.html"}
{"type":"server-stopped","reason":"idle timeout"}
